<html>
<body>
<pre>
<h1>µVision Build Log</h1>
<h2>Tool Versions:</h2>
IDE-Version: µVision V5.27.1.0
Copyright (C) 2019 ARM Ltd and ARM Germany GmbH. All rights reserved.
License Information: duan yu, fan, LIC=NQQMA-11Q1G-UHU8H-WLJER-A3NTF-M0MI8
 
Tool Versions:
Toolchain:       MDK-ARM Plus  Version: 5.36.0.0
Toolchain Path:  C:\my_program\keil5\core\ARM\ARMCC\Bin
C Compiler:      Armcc.exe V5.06 update 7 (build 960)
Assembler:       Armasm.exe V5.06 update 7 (build 960)
Linker/Locator:  ArmLink.exe V5.06 update 7 (build 960)
Library Manager: ArmAr.exe V5.06 update 7 (build 960)
Hex Converter:   FromElf.exe V5.06 update 7 (build 960)
CPU DLL:         SARMCM3.DLL V5.36.0.0
Dialog DLL:      DCM.DLL V1.17.3.0
Target DLL:      CMSIS_AGDI.dll V1.33.0.0
Dialog DLL:      TCM.DLL V1.53.0.0
 
<h2>Project:</h2>
C:\Users\dyf\Desktop\voltae_adjuster\voltage_adjuster\car.uvprojx
Project File Date:  02/10/2024

<h2>Output:</h2>
*** Using Compiler 'V5.06 update 7 (build 960)', folder: 'C:\my_program\keil5\core\ARM\ARMCC\Bin'
Rebuild target 'Target 1'
compiling misc.c...
compiling n32g45x_bkp.c...
compiling n32g45x_can.c...
compiling n32g45x_crc.c...
compiling n32g45x_dac.c...
compiling n32g45x_comp.c...
compiling n32g45x_adc.c...
compiling n32g45x_dbg.c...
compiling n32g45x_dvp.c...
compiling n32g45x_exti.c...
compiling n32g45x_dma.c...
compiling n32g45x_flash.c...
compiling n32g45x_gpio.c...
compiling n32g45x_eth.c...
compiling n32g45x_iwdg.c...
compiling n32g45x_i2c.c...
compiling n32g45x_pwr.c...
compiling n32g45x_opamp.c...
compiling n32g45x_qspi.c...
compiling n32g45x_rcc.c...
compiling n32g45x_rtc.c...
compiling n32g45x_spi.c...
compiling n32g45x_tsc.c...
compiling n32g45x_xfmc.c...
compiling n32g45x_wwdg.c...
compiling n32g45x_sdio.c...
assembling startup_n32g45x.s...
compiling n32g45x_tim.c...
compiling n32g45x_usart.c...
compiling n32g45x_it.c...
compiling main.c...
compiling system_n32g45x.c...
linking...
Program Size: Code=1864 RO-data=440 RW-data=16 ZI-data=6272  
".\Objects\car.axf" - 0 Error(s), 0 Warning(s).

<h2>Software Packages used:</h2>

Package Vendor: Nationstech
                http://www.keil.com/pack/Nationstech.N32G45x_DFP.1.0.1.pack
                Nationstech.N32G45x_DFP.1.0.1
                Nationstech N32G45x Series Device Support, Drivers and Examples

<h2>Collection of Component include folders:</h2>
  .\RTE\_Target_1
  C:\my_program\keil5\pack\Nationstech\N32G45x_DFP\1.0.1\firmware\CMSIS\device

<h2>Collection of Component Files used:</h2>
Build Time Elapsed:  00:00:08
</pre>
</body>
</html>
