Component: ARM Compiler 5.06 update 7 (build 960) Tool: armlink [4d3601]

==============================================================================

Section Cross References

    n32g45x_adc.o(i.ADC_ConfigClk) refers to n32g45x_rcc.o(i.RCC_ConfigAdcPllClk) for RCC_ConfigAdcPllClk
    n32g45x_adc.o(i.ADC_ConfigClk) refers to n32g45x_rcc.o(i.RCC_ConfigAdcHclk) for RCC_ConfigAdcHclk
    n32g45x_adc.o(i.ADC_DeInit) refers to n32g45x_rcc.o(i.RCC_EnableAHBPeriphReset) for RCC_EnableAHBPeriphReset
    n32g45x_bkp.o(i.BKP_DeInit) refers to n32g45x_rcc.o(i.RCC_EnableBackupReset) for RCC_EnableBackupReset
    n32g45x_can.o(i.CAN_DeInit) refers to n32g45x_rcc.o(i.RCC_EnableAPB1PeriphReset) for RCC_EnableAPB1PeriphReset
    n32g45x_can.o(i.CAN_GetIntStatus) refers to n32g45x_can.o(i.CheckINTStatus) for CheckINTStatus
    n32g45x_comp.o(i.COMP_DeInit) refers to n32g45x_rcc.o(i.RCC_EnableAPB1PeriphReset) for RCC_EnableAPB1PeriphReset
    n32g45x_comp.o(i.COMP_GetIntStsOneComp) refers to n32g45x_comp.o(i.COMP_GetIntSts) for COMP_GetIntSts
    n32g45x_dac.o(i.DAC_DeInit) refers to n32g45x_rcc.o(i.RCC_EnableAPB1PeriphReset) for RCC_EnableAPB1PeriphReset
    n32g45x_dvp.o(i.DVP_DeInit) refers to n32g45x_rcc.o(i.RCC_EnableAPB2PeriphReset) for RCC_EnableAPB2PeriphReset
    n32g45x_eth.o(i.ETH_ConfigDmaPtpRxDescInChainMode) refers to n32g45x_eth.o(.data) for DMARxDescToGet
    n32g45x_eth.o(i.ETH_ConfigDmaPtpTxDescInChainMode) refers to n32g45x_eth.o(.data) for DMATxDescToSet
    n32g45x_eth.o(i.ETH_ConfigDmaRxDescInChainMode) refers to n32g45x_eth.o(.data) for DMARxDescToGet
    n32g45x_eth.o(i.ETH_ConfigDmaRxDescInRingMode) refers to n32g45x_eth.o(.data) for DMARxDescToGet
    n32g45x_eth.o(i.ETH_ConfigDmaTxDescInChainMode) refers to n32g45x_eth.o(.data) for DMATxDescToSet
    n32g45x_eth.o(i.ETH_ConfigDmaTxDescInRingMode) refers to n32g45x_eth.o(.data) for DMATxDescToSet
    n32g45x_eth.o(i.ETH_ConfigGpio) refers to n32g45x_gpio.o(i.GPIO_ConfigPinRemap) for GPIO_ConfigPinRemap
    n32g45x_eth.o(i.ETH_ConfigGpio) refers to n32g45x_gpio.o(i.GPIO_InitPeripheral) for GPIO_InitPeripheral
    n32g45x_eth.o(i.ETH_DeInit) refers to n32g45x_rcc.o(i.RCC_EnableAHBPeriphReset) for RCC_EnableAHBPeriphReset
    n32g45x_eth.o(i.ETH_DropRxPacket) refers to n32g45x_eth.o(.data) for DMARxDescToGet
    n32g45x_eth.o(i.ETH_EnablePhyLoopBack) refers to n32g45x_eth.o(i.ETH_ReadPhyRegister) for ETH_ReadPhyRegister
    n32g45x_eth.o(i.ETH_EnablePhyLoopBack) refers to n32g45x_eth.o(i.ETH_WritePhyRegister) for ETH_WritePhyRegister
    n32g45x_eth.o(i.ETH_EnableTxRx) refers to n32g45x_eth.o(i.ETH_EnableMacTx) for ETH_EnableMacTx
    n32g45x_eth.o(i.ETH_EnableTxRx) refers to n32g45x_eth.o(i.ETH_FlushTxFifo) for ETH_FlushTxFifo
    n32g45x_eth.o(i.ETH_EnableTxRx) refers to n32g45x_eth.o(i.ETH_EnableMacRx) for ETH_EnableMacRx
    n32g45x_eth.o(i.ETH_EnableTxRx) refers to n32g45x_eth.o(i.ETH_EnableDmaTx) for ETH_EnableDmaTx
    n32g45x_eth.o(i.ETH_EnableTxRx) refers to n32g45x_eth.o(i.ETH_EnableDmaRx) for ETH_EnableDmaRx
    n32g45x_eth.o(i.ETH_GetRxPacketSize) refers to n32g45x_eth.o(i.ETH_GetDmaRxDescFrameLen) for ETH_GetDmaRxDescFrameLen
    n32g45x_eth.o(i.ETH_GetRxPacketSize) refers to n32g45x_eth.o(.data) for DMARxDescToGet
    n32g45x_eth.o(i.ETH_Init) refers to n32g45x_rcc.o(i.RCC_GetClocksFreqValue) for RCC_GetClocksFreqValue
    n32g45x_eth.o(i.ETH_RxPacket) refers to n32g45x_eth.o(.data) for DMARxDescToGet
    n32g45x_eth.o(i.ETH_RxPtpPacket) refers to n32g45x_eth.o(.data) for DMARxDescToGet
    n32g45x_eth.o(i.ETH_TxPacket) refers to n32g45x_eth.o(.data) for DMATxDescToSet
    n32g45x_eth.o(i.ETH_TxPtpPacket) refers to n32g45x_eth.o(.data) for DMATxDescToSet
    n32g45x_flash.o(i.FLASH_ConfigUserOB) refers to n32g45x_flash.o(i.FLASH_GetReadOutProtectionL2STS) for FLASH_GetReadOutProtectionL2STS
    n32g45x_flash.o(i.FLASH_ConfigUserOB) refers to n32g45x_flash.o(i.FLASH_GetReadOutProtectionSTS) for FLASH_GetReadOutProtectionSTS
    n32g45x_flash.o(i.FLASH_ConfigUserOB) refers to n32g45x_flash.o(i.FLASH_ClearFlag) for FLASH_ClearFlag
    n32g45x_flash.o(i.FLASH_ConfigUserOB) refers to n32g45x_flash.o(i.FLASH_WaitForLastOpt) for FLASH_WaitForLastOpt
    n32g45x_flash.o(i.FLASH_EnWriteProtection) refers to n32g45x_flash.o(i.FLASH_GetReadOutProtectionL2STS) for FLASH_GetReadOutProtectionL2STS
    n32g45x_flash.o(i.FLASH_EnWriteProtection) refers to n32g45x_flash.o(i.FLASH_ClearFlag) for FLASH_ClearFlag
    n32g45x_flash.o(i.FLASH_EnWriteProtection) refers to n32g45x_flash.o(i.FLASH_WaitForLastOpt) for FLASH_WaitForLastOpt
    n32g45x_flash.o(i.FLASH_EraseOB) refers to n32g45x_flash.o(i.FLASH_GetReadOutProtectionL2STS) for FLASH_GetReadOutProtectionL2STS
    n32g45x_flash.o(i.FLASH_EraseOB) refers to n32g45x_flash.o(i.FLASH_GetReadOutProtectionSTS) for FLASH_GetReadOutProtectionSTS
    n32g45x_flash.o(i.FLASH_EraseOB) refers to n32g45x_flash.o(i.FLASH_ClearFlag) for FLASH_ClearFlag
[...]
    Removing n32g45x_eth.o(i.ETH_EnableDmaInt), (32 bytes).
    Removing n32g45x_eth.o(i.ETH_EnableDmaRx), (36 bytes).
    Removing n32g45x_eth.o(i.ETH_EnableDmaRxDescEndOfRing), (22 bytes).
    Removing n32g45x_eth.o(i.ETH_EnableDmaRxDescReceiveInt), (22 bytes).
    Removing n32g45x_eth.o(i.ETH_EnableDmaRxDescSecondAddrChained), (22 bytes).
    Removing n32g45x_eth.o(i.ETH_EnableDmaTx), (36 bytes).
    Removing n32g45x_eth.o(i.ETH_EnableDmaTxDescCrc), (22 bytes).
    Removing n32g45x_eth.o(i.ETH_EnableDmaTxDescEndOfRing), (22 bytes).
    Removing n32g45x_eth.o(i.ETH_EnableDmaTxDescSecondAddrChained), (22 bytes).
    Removing n32g45x_eth.o(i.ETH_EnableDmaTxDescShortFramePadding), (22 bytes).
    Removing n32g45x_eth.o(i.ETH_EnableDmaTxDescTimeStamp), (22 bytes).
    Removing n32g45x_eth.o(i.ETH_EnableDmaTxDescTransmitInt), (22 bytes).
    Removing n32g45x_eth.o(i.ETH_EnableGlobalUnicastWakeUp), (36 bytes).
    Removing n32g45x_eth.o(i.ETH_EnableMacAddrPerfectFilter), (44 bytes).
    Removing n32g45x_eth.o(i.ETH_EnableMacInt), (32 bytes).
    Removing n32g45x_eth.o(i.ETH_EnableMacRx), (36 bytes).
    Removing n32g45x_eth.o(i.ETH_EnableMacTx), (36 bytes).
    Removing n32g45x_eth.o(i.ETH_EnableMagicPacketDetection), (36 bytes).
    Removing n32g45x_eth.o(i.ETH_EnableMmcCounterFreeze), (44 bytes).
    Removing n32g45x_eth.o(i.ETH_EnableMmcCounterRollover), (44 bytes).
    Removing n32g45x_eth.o(i.ETH_EnableMmcInt), (84 bytes).
    Removing n32g45x_eth.o(i.ETH_EnableMmcResetOnRead), (44 bytes).
    Removing n32g45x_eth.o(i.ETH_EnablePhyLoopBack), (52 bytes).
    Removing n32g45x_eth.o(i.ETH_EnablePowerDown), (36 bytes).
    Removing n32g45x_eth.o(i.ETH_EnablePtpTimeStampIntTrigger), (20 bytes).
    Removing n32g45x_eth.o(i.ETH_EnableTxRx), (32 bytes).
    Removing n32g45x_eth.o(i.ETH_EnableWakeUpFrameDetection), (36 bytes).
    Removing n32g45x_eth.o(i.ETH_FlushTxFifo), (20 bytes).
    Removing n32g45x_eth.o(i.ETH_GeneratePauseCtrlFrame), (20 bytes).
    Removing n32g45x_eth.o(i.ETH_GetBufUnavailableMissedFrameCounter), (12 bytes).
    Removing n32g45x_eth.o(i.ETH_GetCurrentRxBufAddr), (12 bytes).
    Removing n32g45x_eth.o(i.ETH_GetCurrentRxDescAddr), (12 bytes).
    Removing n32g45x_eth.o(i.ETH_GetCurrentTxBufAddr), (12 bytes).
    Removing n32g45x_eth.o(i.ETH_GetCurrentTxDescAddr), (12 bytes).
    Removing n32g45x_eth.o(i.ETH_GetDmaFlagStatus), (24 bytes).
    Removing n32g45x_eth.o(i.ETH_GetDmaIntStatus), (24 bytes).
    Removing n32g45x_eth.o(i.ETH_GetDmaOverflowStatus), (24 bytes).
    Removing n32g45x_eth.o(i.ETH_GetDmaRxDescBufSize), (20 bytes).
    Removing n32g45x_eth.o(i.ETH_GetDmaRxDescFlagStatus), (18 bytes).
    Removing n32g45x_eth.o(i.ETH_GetDmaRxDescFrameLen), (10 bytes).
    Removing n32g45x_eth.o(i.ETH_GetDmaTxDescCollisionCount), (10 bytes).
    Removing n32g45x_eth.o(i.ETH_GetDmaTxDescFlagStatus), (18 bytes).
    Removing n32g45x_eth.o(i.ETH_GetFlowCtrlBusyStatus), (24 bytes).
    Removing n32g45x_eth.o(i.ETH_GetFlushTxFifoStatus), (24 bytes).
    Removing n32g45x_eth.o(i.ETH_GetMacAddr), (40 bytes).
    Removing n32g45x_eth.o(i.ETH_GetMacFlagStatus), (24 bytes).
    Removing n32g45x_eth.o(i.ETH_GetMacIntStatus), (24 bytes).
    Removing n32g45x_eth.o(i.ETH_GetMmcIntStatus), (68 bytes).
    Removing n32g45x_eth.o(i.ETH_GetMmcRegisterValue), (12 bytes).
    Removing n32g45x_eth.o(i.ETH_GetPmtFlagStatus), (24 bytes).
    Removing n32g45x_eth.o(i.ETH_GetPtpFlagStatus), (24 bytes).
    Removing n32g45x_eth.o(i.ETH_GetPtpRegisterValue), (12 bytes).
    Removing n32g45x_eth.o(i.ETH_GetRxOverflowMissedFrameCounter), (16 bytes).
    Removing n32g45x_eth.o(i.ETH_GetRxPacketSize), (72 bytes).
    Removing n32g45x_eth.o(i.ETH_GetRxProcState), (16 bytes).
    Removing n32g45x_eth.o(i.ETH_GetSoftwareResetStatus), (24 bytes).
    Removing n32g45x_eth.o(i.ETH_GetTxProcState), (16 bytes).
    Removing n32g45x_eth.o(i.ETH_Init), (404 bytes).
    Removing n32g45x_eth.o(i.ETH_InitPtpTimeStamp), (20 bytes).
    Removing n32g45x_eth.o(i.ETH_InitStruct), (168 bytes).
    Removing n32g45x_eth.o(i.ETH_ReadPhyRegister), (108 bytes).
    Removing n32g45x_eth.o(i.ETH_ResetMmcCounters), (24 bytes).
    Removing n32g45x_eth.o(i.ETH_ResetWakeUpFrameFilter), (20 bytes).
    Removing n32g45x_eth.o(i.ETH_ResumeDmaRx), (12 bytes).
    Removing n32g45x_eth.o(i.ETH_ResumeDmaTx), (12 bytes).
    Removing n32g45x_eth.o(i.ETH_RxPacket), (208 bytes).
    Removing n32g45x_eth.o(i.ETH_RxPtpPacket), (260 bytes).
    Removing n32g45x_eth.o(i.ETH_SetDmaRxDescOwn), (10 bytes).
    Removing n32g45x_eth.o(i.ETH_SetDmaTxDescOwn), (10 bytes).
    Removing n32g45x_eth.o(i.ETH_SetMacAddr), (52 bytes).
    Removing n32g45x_eth.o(i.ETH_SetPtpSubSecondInc), (12 bytes).
    Removing n32g45x_eth.o(i.ETH_SetPtpTargetTime), (16 bytes).
    Removing n32g45x_eth.o(i.ETH_SetPtpTimeStampAddend), (12 bytes).
    Removing n32g45x_eth.o(i.ETH_SetPtpTimeStampUpdate), (24 bytes).
    Removing n32g45x_eth.o(i.ETH_SetWakeUpFrameFilter), (28 bytes).
    Removing n32g45x_eth.o(i.ETH_SoftwareReset), (20 bytes).
    Removing n32g45x_eth.o(i.ETH_StartPTPTimeStamp), (36 bytes).
    Removing n32g45x_eth.o(i.ETH_TxPacket), (256 bytes).
    Removing n32g45x_eth.o(i.ETH_TxPtpPacket), (344 bytes).
    Removing n32g45x_eth.o(i.ETH_UpdatePtpTimeStamp), (20 bytes).
    Removing n32g45x_eth.o(i.ETH_UpdatePtpTimeStampAddend), (20 bytes).
    Removing n32g45x_eth.o(i.ETH_WritePhyRegister), (104 bytes).
    Removing n32g45x_eth.o(.data), (16 bytes).
    Removing n32g45x_exti.o(.rev16_text), (4 bytes).
    Removing n32g45x_exti.o(.revsh_text), (4 bytes).
    Removing n32g45x_exti.o(.rrx_text), (6 bytes).
    Removing n32g45x_exti.o(i.EXTI_ClrITPendBit), (12 bytes).
    Removing n32g45x_exti.o(i.EXTI_ClrStatusFlag), (12 bytes).
    Removing n32g45x_exti.o(i.EXTI_DeInit), (36 bytes).
    Removing n32g45x_exti.o(i.EXTI_GetITStatus), (40 bytes).
    Removing n32g45x_exti.o(i.EXTI_GetStatusFlag), (24 bytes).
    Removing n32g45x_exti.o(i.EXTI_InitPeripheral), (148 bytes).
    Removing n32g45x_exti.o(i.EXTI_InitStruct), (16 bytes).
    Removing n32g45x_exti.o(i.EXTI_RTCTimeStampSel), (28 bytes).
    Removing n32g45x_exti.o(i.EXTI_TriggerSWInt), (16 bytes).
    Removing n32g45x_flash.o(.rev16_text), (4 bytes).
    Removing n32g45x_flash.o(.revsh_text), (4 bytes).
    Removing n32g45x_flash.o(.rrx_text), (6 bytes).
    Removing n32g45x_flash.o(i.FLASH_ClearFlag), (16 bytes).
    Removing n32g45x_flash.o(i.FLASH_ConfigUserOB), (228 bytes).
    Removing n32g45x_flash.o(i.FLASH_EnWriteProtection), (196 bytes).
    Removing n32g45x_flash.o(i.FLASH_EraseOB), (200 bytes).
    Removing n32g45x_flash.o(i.FLASH_EraseOnePage), (84 bytes).
    Removing n32g45x_flash.o(i.FLASH_GetFlagSTS), (48 bytes).
    Removing n32g45x_flash.o(i.FLASH_GetPrefetchBufSTS), (24 bytes).
    Removing n32g45x_flash.o(i.FLASH_GetReadOutProtectionL2STS), (24 bytes).
    Removing n32g45x_flash.o(i.FLASH_GetReadOutProtectionSTS), (24 bytes).
    Removing n32g45x_flash.o(i.FLASH_GetSMPSELStatus), (28 bytes).
    Removing n32g45x_flash.o(i.FLASH_GetSTS), (80 bytes).
    Removing n32g45x_flash.o(i.FLASH_GetUserOB), (16 bytes).
    Removing n32g45x_flash.o(i.FLASH_GetWriteProtectionOB), (12 bytes).
    Removing n32g45x_flash.o(i.FLASH_INTConfig), (32 bytes).
    Removing n32g45x_flash.o(i.FLASH_Lock), (20 bytes).
    Removing n32g45x_flash.o(i.FLASH_MassErase), (80 bytes).
    Removing n32g45x_flash.o(i.FLASH_PrefetchBufSet), (28 bytes).
    Removing n32g45x_flash.o(i.FLASH_ProgramOBData), (108 bytes).
    Removing n32g45x_flash.o(i.FLASH_ProgramWord), (92 bytes).
    Removing n32g45x_flash.o(i.FLASH_ReadOutProtectionL1), (212 bytes).
    Removing n32g45x_flash.o(i.FLASH_ReadOutProtectionL2_ENABLE), (236 bytes).
    Removing n32g45x_flash.o(i.FLASH_SetLatency), (24 bytes).
    Removing n32g45x_flash.o(i.FLASH_SetSMPSELStatus), (28 bytes).
    Removing n32g45x_flash.o(i.FLASH_Unlock), (24 bytes).
    Removing n32g45x_flash.o(i.FLASH_WaitForLastOpt), (38 bytes).
    Removing n32g45x_flash.o(i.FLASH_iCacheCmd), (28 bytes).
    Removing n32g45x_flash.o(i.FLASH_iCacheRST), (20 bytes).
    Removing n32g45x_gpio.o(.rev16_text), (4 bytes).
    Removing n32g45x_gpio.o(.revsh_text), (4 bytes).
    Removing n32g45x_gpio.o(.rrx_text), (6 bytes).
    Removing n32g45x_gpio.o(i.GPIO_AFIOInitDefault), (20 bytes).
    Removing n32g45x_gpio.o(i.GPIO_ConfigEXTILine), (64 bytes).
    Removing n32g45x_gpio.o(i.GPIO_ConfigEventOutput), (32 bytes).
    Removing n32g45x_gpio.o(i.GPIO_ConfigPinLock), (18 bytes).
    Removing n32g45x_gpio.o(i.GPIO_ConfigPinRemap), (592 bytes).
    Removing n32g45x_gpio.o(i.GPIO_CtrlEventOutput), (12 bytes).
    Removing n32g45x_gpio.o(i.GPIO_DeInit), (200 bytes).
    Removing n32g45x_gpio.o(i.GPIO_ETH_ConfigMediaInterface), (28 bytes).
    Removing n32g45x_gpio.o(i.GPIO_InitStruct), (16 bytes).
    Removing n32g45x_gpio.o(i.GPIO_ReadInputData), (8 bytes).
    Removing n32g45x_gpio.o(i.GPIO_ReadInputDataBit), (18 bytes).
    Removing n32g45x_gpio.o(i.GPIO_ReadOutputData), (8 bytes).
    Removing n32g45x_gpio.o(i.GPIO_ReadOutputDataBit), (18 bytes).
    Removing n32g45x_gpio.o(i.GPIO_ResetBits), (4 bytes).
    Removing n32g45x_gpio.o(i.GPIO_SetBits), (4 bytes).
    Removing n32g45x_gpio.o(i.GPIO_SetBitsHigh16), (4 bytes).
    Removing n32g45x_gpio.o(i.GPIO_Write), (4 bytes).
    Removing n32g45x_gpio.o(i.GPIO_WriteBit), (10 bytes).
    Removing n32g45x_i2c.o(.rev16_text), (4 bytes).
    Removing n32g45x_i2c.o(.revsh_text), (4 bytes).
    Removing n32g45x_i2c.o(.rrx_text), (6 bytes).
    Removing n32g45x_i2c.o(i.I2C_CheckEvent), (42 bytes).
    Removing n32g45x_i2c.o(i.I2C_ClrFlag), (12 bytes).
    Removing n32g45x_i2c.o(i.I2C_ClrIntPendingBit), (12 bytes).
    Removing n32g45x_i2c.o(i.I2C_ComputePec), (24 bytes).
    Removing n32g45x_i2c.o(i.I2C_ConfigAck), (24 bytes).
    Removing n32g45x_i2c.o(i.I2C_ConfigFastModeDutyCycle), (28 bytes).
    Removing n32g45x_i2c.o(i.I2C_ConfigInt), (18 bytes).
    Removing n32g45x_i2c.o(i.I2C_ConfigNackLocation), (28 bytes).
    Removing n32g45x_i2c.o(i.I2C_ConfigOwnAddr2), (22 bytes).
    Removing n32g45x_i2c.o(i.I2C_ConfigPecLocation), (28 bytes).
    Removing n32g45x_i2c.o(i.I2C_ConfigSmbusAlert), (28 bytes).
    Removing n32g45x_i2c.o(i.I2C_DeInit), (56 bytes).
    Removing n32g45x_i2c.o(i.I2C_Enable), (24 bytes).
    Removing n32g45x_i2c.o(i.I2C_EnableArp), (24 bytes).
    Removing n32g45x_i2c.o(i.I2C_EnableDMA), (24 bytes).
    Removing n32g45x_i2c.o(i.I2C_EnableDmaLastSend), (24 bytes).
    Removing n32g45x_i2c.o(i.I2C_EnableDualAddr), (24 bytes).
    Removing n32g45x_i2c.o(i.I2C_EnableExtendClk), (24 bytes).
    Removing n32g45x_i2c.o(i.I2C_EnableGeneralCall), (24 bytes).
    Removing n32g45x_i2c.o(i.I2C_EnableSoftwareReset), (22 bytes).
    Removing n32g45x_i2c.o(i.I2C_GenerateStart), (24 bytes).
    Removing n32g45x_i2c.o(i.I2C_GenerateStop), (24 bytes).
    Removing n32g45x_i2c.o(i.I2C_GetFlag), (58 bytes).
    Removing n32g45x_i2c.o(i.I2C_GetIntStatus), (38 bytes).
    Removing n32g45x_i2c.o(i.I2C_GetLastEvent), (26 bytes).
    Removing n32g45x_i2c.o(i.I2C_GetPec), (8 bytes).
    Removing n32g45x_i2c.o(i.I2C_GetRegister), (22 bytes).
    Removing n32g45x_i2c.o(i.I2C_Init), (236 bytes).
    Removing n32g45x_i2c.o(i.I2C_InitStruct), (30 bytes).
    Removing n32g45x_i2c.o(i.I2C_RecvData), (8 bytes).
    Removing n32g45x_i2c.o(i.I2C_SendAddr7bit), (18 bytes).
    Removing n32g45x_i2c.o(i.I2C_SendData), (4 bytes).
    Removing n32g45x_i2c.o(i.I2C_SendPEC), (24 bytes).
    Removing n32g45x_iwdg.o(.rev16_text), (4 bytes).
    Removing n32g45x_iwdg.o(.revsh_text), (4 bytes).
    Removing n32g45x_iwdg.o(.rrx_text), (6 bytes).
    Removing n32g45x_iwdg.o(i.IWDG_CntReload), (12 bytes).
    Removing n32g45x_iwdg.o(i.IWDG_Enable), (16 bytes).
    Removing n32g45x_iwdg.o(i.IWDG_GetStatus), (24 bytes).
    Removing n32g45x_iwdg.o(i.IWDG_ReloadKey), (16 bytes).
    Removing n32g45x_iwdg.o(i.IWDG_SetPrescalerDiv), (12 bytes).
    Removing n32g45x_iwdg.o(i.IWDG_WriteConfig), (12 bytes).
    Removing n32g45x_opamp.o(.rev16_text), (4 bytes).
    Removing n32g45x_opamp.o(.revsh_text), (4 bytes).
    Removing n32g45x_opamp.o(.rrx_text), (6 bytes).
    Removing n32g45x_opamp.o(i.OPAMP_CalibrationEnable), (36 bytes).
    Removing n32g45x_opamp.o(i.OPAMP_DeInit), (22 bytes).
    Removing n32g45x_opamp.o(i.OPAMP_Enable), (36 bytes).
    Removing n32g45x_opamp.o(i.OPAMP_Init), (96 bytes).
    Removing n32g45x_opamp.o(i.OPAMP_IsCalOutHigh), (20 bytes).
    Removing n32g45x_opamp.o(i.OPAMP_SetLock), (12 bytes).
    Removing n32g45x_opamp.o(i.OPAMP_SetPgaGain), (32 bytes).
    Removing n32g45x_opamp.o(i.OPAMP_SetVmSecondSel), (32 bytes).
    Removing n32g45x_opamp.o(i.OPAMP_SetVmSel), (32 bytes).
    Removing n32g45x_opamp.o(i.OPAMP_SetVpSecondSel), (32 bytes).
    Removing n32g45x_opamp.o(i.OPAMP_SetVpSel), (32 bytes).
    Removing n32g45x_opamp.o(i.OPAMP_StructInit), (18 bytes).
    Removing n32g45x_pwr.o(.rev16_text), (4 bytes).
    Removing n32g45x_pwr.o(.revsh_text), (4 bytes).
    Removing n32g45x_pwr.o(.rrx_text), (6 bytes).
    Removing n32g45x_pwr.o(i.PWR_BackupAccessEnable), (12 bytes).
    Removing n32g45x_pwr.o(i.PWR_ClearFlag), (20 bytes).
    Removing n32g45x_pwr.o(i.PWR_DeInit), (22 bytes).
    Removing n32g45x_pwr.o(i.PWR_EnterSLEEPMode), (64 bytes).
    Removing n32g45x_pwr.o(i.PWR_EnterSTOP2Mode), (72 bytes).
    Removing n32g45x_pwr.o(i.PWR_EnterStandbyState), (60 bytes).
    Removing n32g45x_pwr.o(i.PWR_EnterStopState), (68 bytes).
    Removing n32g45x_pwr.o(i.PWR_GetFlagStatus), (24 bytes).
    Removing n32g45x_pwr.o(i.PWR_PvdEnable), (12 bytes).
    Removing n32g45x_pwr.o(i.PWR_PvdRangeConfig), (24 bytes).
    Removing n32g45x_pwr.o(i.PWR_WakeUpPinEnable), (12 bytes).
    Removing n32g45x_qspi.o(.rev16_text), (4 bytes).
    Removing n32g45x_qspi.o(.revsh_text), (4 bytes).
    Removing n32g45x_qspi.o(.rrx_text), (6 bytes).
    Removing n32g45x_qspi.o(i.ClrFifo), (32 bytes).
    Removing n32g45x_qspi.o(i.GetFifoData), (36 bytes).
    Removing n32g45x_qspi.o(i.GetQspiBusyStatus), (24 bytes).
    Removing n32g45x_qspi.o(i.GetQspiDataConflictErrorStatus), (24 bytes).
    Removing n32g45x_qspi.o(i.GetQspiRxDataFullStatus), (24 bytes).
    Removing n32g45x_qspi.o(i.GetQspiRxHaveDataStatus), (24 bytes).
    Removing n32g45x_qspi.o(i.GetQspiTransmitErrorStatus), (24 bytes).
    Removing n32g45x_qspi.o(i.GetQspiTxDataBusyStatus), (24 bytes).
    Removing n32g45x_qspi.o(i.GetQspiTxDataEmptyStatus), (24 bytes).
    Removing n32g45x_qspi.o(i.QSPI_ClearITFLAG), (72 bytes).
    Removing n32g45x_qspi.o(i.QSPI_Cmd), (40 bytes).
    Removing n32g45x_qspi.o(i.QSPI_DMA_CTRL_Config), (52 bytes).
    Removing n32g45x_qspi.o(i.QSPI_DeInit), (22 bytes).
    Removing n32g45x_qspi.o(i.QSPI_GPIO), (516 bytes).
    Removing n32g45x_qspi.o(i.QSPI_GetITStatus), (28 bytes).
    Removing n32g45x_qspi.o(i.QSPI_SingleGpioConfig), (32 bytes).
    Removing n32g45x_qspi.o(i.QSPI_XIP_ClearITFLAG), (24 bytes).
    Removing n32g45x_qspi.o(i.QSPI_XIP_Cmd), (36 bytes).
    Removing n32g45x_qspi.o(i.QspiGetDataPointer), (8 bytes).
    Removing n32g45x_qspi.o(i.QspiInitConfig), (356 bytes).
    Removing n32g45x_qspi.o(i.QspiReadRxFifoNum), (12 bytes).
    Removing n32g45x_qspi.o(i.QspiReadWord), (12 bytes).
    Removing n32g45x_qspi.o(i.QspiSendAndGetWords), (92 bytes).
    Removing n32g45x_qspi.o(i.QspiSendWord), (12 bytes).
    Removing n32g45x_qspi.o(i.QspiSendWordAndGetWords), (58 bytes).
    Removing n32g45x_rcc.o(.rev16_text), (4 bytes).
    Removing n32g45x_rcc.o(.revsh_text), (4 bytes).
    Removing n32g45x_rcc.o(.rrx_text), (6 bytes).
    Removing n32g45x_rcc.o(i.RCC_ClrFlag), (28 bytes).
    Removing n32g45x_rcc.o(i.RCC_ClrIntPendingBit), (12 bytes).
    Removing n32g45x_rcc.o(i.RCC_ConfigAdc1mClk), (28 bytes).
    Removing n32g45x_rcc.o(i.RCC_ConfigAdcHclk), (24 bytes).
    Removing n32g45x_rcc.o(i.RCC_ConfigAdcPllClk), (36 bytes).
    Removing n32g45x_rcc.o(i.RCC_ConfigEthClk), (24 bytes).
    Removing n32g45x_rcc.o(i.RCC_ConfigHclk), (24 bytes).
    Removing n32g45x_rcc.o(i.RCC_ConfigHse), (76 bytes).
    Removing n32g45x_rcc.o(i.RCC_ConfigInt), (32 bytes).
    Removing n32g45x_rcc.o(i.RCC_ConfigLse), (52 bytes).
    Removing n32g45x_rcc.o(i.RCC_ConfigMco), (24 bytes).
    Removing n32g45x_rcc.o(i.RCC_ConfigMcoPllClk), (24 bytes).
    Removing n32g45x_rcc.o(i.RCC_ConfigPclk1), (24 bytes).
    Removing n32g45x_rcc.o(i.RCC_ConfigPclk2), (24 bytes).
    Removing n32g45x_rcc.o(i.RCC_ConfigPll), (32 bytes).
    Removing n32g45x_rcc.o(i.RCC_ConfigRngcClk), (24 bytes).
    Removing n32g45x_rcc.o(i.RCC_ConfigRtcClk), (28 bytes).
    Removing n32g45x_rcc.o(i.RCC_ConfigSysclk), (24 bytes).
    Removing n32g45x_rcc.o(i.RCC_ConfigTim18Clk), (24 bytes).
    Removing n32g45x_rcc.o(i.RCC_ConfigTrng1mClk), (28 bytes).
    Removing n32g45x_rcc.o(i.RCC_ConfigUsbClk), (20 bytes).
    Removing n32g45x_rcc.o(i.RCC_DeInit), (92 bytes).
    Removing n32g45x_rcc.o(i.RCC_EnableAHBPeriphClk), (32 bytes).
    Removing n32g45x_rcc.o(i.RCC_EnableAHBPeriphReset), (32 bytes).
    Removing n32g45x_rcc.o(i.RCC_EnableAPB1PeriphReset), (32 bytes).
    Removing n32g45x_rcc.o(i.RCC_EnableAPB2PeriphReset), (32 bytes).
    Removing n32g45x_rcc.o(i.RCC_EnableBORReset), (36 bytes).
    Removing n32g45x_rcc.o(i.RCC_EnableBackupReset), (12 bytes).
    Removing n32g45x_rcc.o(i.RCC_EnableClockSecuritySystem), (12 bytes).
    Removing n32g45x_rcc.o(i.RCC_EnableHsi), (12 bytes).
    Removing n32g45x_rcc.o(i.RCC_EnableLsi), (12 bytes).
    Removing n32g45x_rcc.o(i.RCC_EnablePll), (12 bytes).
    Removing n32g45x_rcc.o(i.RCC_EnableRtcClk), (12 bytes).
    Removing n32g45x_rcc.o(i.RCC_EnableTrng1mClk), (36 bytes).
    Removing n32g45x_rcc.o(i.RCC_GetClocksFreqValue), (268 bytes).
    Removing n32g45x_rcc.o(i.RCC_GetFlagStatus), (60 bytes).
    Removing n32g45x_rcc.o(i.RCC_GetIntStatus), (24 bytes).
    Removing n32g45x_rcc.o(i.RCC_GetSysclkSrc), (16 bytes).
    Removing n32g45x_rcc.o(i.RCC_SetHsiCalibValue), (24 bytes).
    Removing n32g45x_rcc.o(i.RCC_WaitHseStable), (56 bytes).
    Removing n32g45x_rcc.o(.constdata), (64 bytes).
    Removing n32g45x_rtc.o(.rev16_text), (4 bytes).
    Removing n32g45x_rtc.o(.revsh_text), (4 bytes).
    Removing n32g45x_rtc.o(.rrx_text), (6 bytes).
    Removing n32g45x_rtc.o(i.Delay), (18 bytes).
    Removing n32g45x_rtc.o(i.RTC_AlarmStructInit), (22 bytes).
    Removing n32g45x_rtc.o(i.RTC_Bcd2ToByte), (22 bytes).
    Removing n32g45x_rtc.o(i.RTC_ByteToBcd2), (28 bytes).
    Removing n32g45x_rtc.o(i.RTC_ClrFlag), (36 bytes).
    Removing n32g45x_rtc.o(i.RTC_ClrIntPendingBit), (32 bytes).
    Removing n32g45x_rtc.o(i.RTC_ConfigAlarmSubSecond), (52 bytes).
    Removing n32g45x_rtc.o(i.RTC_ConfigCalibOutput), (48 bytes).
    Removing n32g45x_rtc.o(i.RTC_ConfigDayLightSaving), (60 bytes).
    Removing n32g45x_rtc.o(i.RTC_ConfigInt), (56 bytes).
    Removing n32g45x_rtc.o(i.RTC_ConfigOutput), (76 bytes).
    Removing n32g45x_rtc.o(i.RTC_ConfigOutputType), (28 bytes).
    Removing n32g45x_rtc.o(i.RTC_ConfigSmoothCalib), (96 bytes).
    Removing n32g45x_rtc.o(i.RTC_ConfigSynchroShift), (108 bytes).
    Removing n32g45x_rtc.o(i.RTC_ConfigTime), (208 bytes).
    Removing n32g45x_rtc.o(i.RTC_ConfigWakeUpClock), (48 bytes).
    Removing n32g45x_rtc.o(i.RTC_DateStructInit), (14 bytes).
    Removing n32g45x_rtc.o(i.RTC_DeInit), (224 bytes).
    Removing n32g45x_rtc.o(i.RTC_EnableAlarm), (116 bytes).
    Removing n32g45x_rtc.o(i.RTC_EnableBypassShadow), (60 bytes).
    Removing n32g45x_rtc.o(i.RTC_EnableCalibOutput), (60 bytes).
    Removing n32g45x_rtc.o(i.RTC_EnableTimeStamp), (56 bytes).
    Removing n32g45x_rtc.o(i.RTC_EnableWakeUp), (120 bytes).
    Removing n32g45x_rtc.o(i.RTC_EnableWakeUpTsc), (60 bytes).
    Removing n32g45x_rtc.o(i.RTC_EnableWriteProtection), (28 bytes).
    Removing n32g45x_rtc.o(i.RTC_EnterInitMode), (80 bytes).
    Removing n32g45x_rtc.o(i.RTC_ExitInitMode), (20 bytes).
    Removing n32g45x_rtc.o(i.RTC_GetAlarm), (116 bytes).
    Removing n32g45x_rtc.o(i.RTC_GetAlarmSubSecond), (36 bytes).
    Removing n32g45x_rtc.o(i.RTC_GetDate), (76 bytes).
    Removing n32g45x_rtc.o(i.RTC_GetFlagStatus), (40 bytes).
    Removing n32g45x_rtc.o(i.RTC_GetITStatus), (48 bytes).
    Removing n32g45x_rtc.o(i.RTC_GetStoreOperation), (16 bytes).
    Removing n32g45x_rtc.o(i.RTC_GetSubSecond), (12 bytes).
    Removing n32g45x_rtc.o(i.RTC_GetTime), (80 bytes).
    Removing n32g45x_rtc.o(i.RTC_GetTimeStamp), (156 bytes).
    Removing n32g45x_rtc.o(i.RTC_GetTimeStampSubSecond), (12 bytes).
    Removing n32g45x_rtc.o(i.RTC_GetWakeUpCounter), (12 bytes).
    Removing n32g45x_rtc.o(i.RTC_Init), (100 bytes).
    Removing n32g45x_rtc.o(i.RTC_SetAlarm), (236 bytes).
    Removing n32g45x_rtc.o(i.RTC_SetDate), (200 bytes).
    Removing n32g45x_rtc.o(i.RTC_SetWakeUpCounter), (28 bytes).
    Removing n32g45x_rtc.o(i.RTC_StructInit), (14 bytes).
    Removing n32g45x_rtc.o(i.RTC_TimeStructInit), (12 bytes).
    Removing n32g45x_rtc.o(i.RTC_WaitForSynchro), (96 bytes).
    Removing n32g45x_sdio.o(.rev16_text), (4 bytes).
    Removing n32g45x_sdio.o(.revsh_text), (4 bytes).
    Removing n32g45x_sdio.o(.rrx_text), (6 bytes).
    Removing n32g45x_sdio.o(i.SDIO_ClrFlag), (12 bytes).
    Removing n32g45x_sdio.o(i.SDIO_ClrIntPendingBit), (12 bytes).
    Removing n32g45x_sdio.o(i.SDIO_ConfigData), (60 bytes).
    Removing n32g45x_sdio.o(i.SDIO_ConfigInt), (32 bytes).
    Removing n32g45x_sdio.o(i.SDIO_DMACmd), (12 bytes).
    Removing n32g45x_sdio.o(i.SDIO_DeInit), (36 bytes).
    Removing n32g45x_sdio.o(i.SDIO_DisableReadWait), (12 bytes).
    Removing n32g45x_sdio.o(i.SDIO_EnableCEATAInt), (16 bytes).
    Removing n32g45x_sdio.o(i.SDIO_EnableClock), (12 bytes).
    Removing n32g45x_sdio.o(i.SDIO_EnableCommandCompletion), (12 bytes).
    Removing n32g45x_sdio.o(i.SDIO_EnableReadWait), (12 bytes).
    Removing n32g45x_sdio.o(i.SDIO_EnableSdioOperation), (12 bytes).
    Removing n32g45x_sdio.o(i.SDIO_EnableSdioReadWaitMode), (12 bytes).
    Removing n32g45x_sdio.o(i.SDIO_EnableSendCEATA), (12 bytes).
    Removing n32g45x_sdio.o(i.SDIO_EnableSendSdioSuspend), (12 bytes).
    Removing n32g45x_sdio.o(i.SDIO_GetCmdResp), (12 bytes).
    Removing n32g45x_sdio.o(i.SDIO_GetDataCountValue), (12 bytes).
    Removing n32g45x_sdio.o(i.SDIO_GetFifoCounter), (12 bytes).
    Removing n32g45x_sdio.o(i.SDIO_GetFlag), (24 bytes).
    Removing n32g45x_sdio.o(i.SDIO_GetIntStatus), (24 bytes).
    Removing n32g45x_sdio.o(i.SDIO_GetPower), (16 bytes).
    Removing n32g45x_sdio.o(i.SDIO_GetResp), (24 bytes).
    Removing n32g45x_sdio.o(i.SDIO_Init), (48 bytes).
    Removing n32g45x_sdio.o(i.SDIO_InitCmdStruct), (14 bytes).
    Removing n32g45x_sdio.o(i.SDIO_InitDataStruct), (20 bytes).
    Removing n32g45x_sdio.o(i.SDIO_InitStruct), (16 bytes).
    Removing n32g45x_sdio.o(i.SDIO_ReadData), (12 bytes).
    Removing n32g45x_sdio.o(i.SDIO_SendCmd), (44 bytes).
    Removing n32g45x_sdio.o(i.SDIO_SetPower), (28 bytes).
    Removing n32g45x_sdio.o(i.SDIO_WriteData), (12 bytes).
    Removing n32g45x_spi.o(.rev16_text), (4 bytes).
    Removing n32g45x_spi.o(.revsh_text), (4 bytes).
    Removing n32g45x_spi.o(.rrx_text), (6 bytes).
    Removing n32g45x_spi.o(i.I2S_Enable), (24 bytes).
    Removing n32g45x_spi.o(i.I2S_Init), (232 bytes).
    Removing n32g45x_spi.o(i.I2S_InitStruct), (20 bytes).
    Removing n32g45x_spi.o(i.SPI_ConfigBidirectionalMode), (28 bytes).
    Removing n32g45x_spi.o(i.SPI_ConfigDataLen), (18 bytes).
    Removing n32g45x_spi.o(i.SPI_Enable), (24 bytes).
    Removing n32g45x_spi.o(i.SPI_EnableCalculateCrc), (24 bytes).
    Removing n32g45x_spi.o(i.SPI_GetCRCDat), (16 bytes).
    Removing n32g45x_spi.o(i.SPI_GetCRCPoly), (6 bytes).
    Removing n32g45x_spi.o(i.SPI_I2S_ClrCRCErrFlag), (6 bytes).
    Removing n32g45x_spi.o(i.SPI_I2S_ClrITPendingBit), (20 bytes).
    Removing n32g45x_spi.o(i.SPI_I2S_DeInit), (88 bytes).
    Removing n32g45x_spi.o(i.SPI_I2S_EnableDma), (18 bytes).
    Removing n32g45x_spi.o(i.SPI_I2S_EnableInt), (32 bytes).
    Removing n32g45x_spi.o(i.SPI_I2S_GetIntStatus), (52 bytes).
    Removing n32g45x_spi.o(i.SPI_I2S_GetStatus), (18 bytes).
    Removing n32g45x_spi.o(i.SPI_I2S_ReceiveData), (6 bytes).
    Removing n32g45x_spi.o(i.SPI_I2S_TransmitData), (4 bytes).
    Removing n32g45x_spi.o(i.SPI_Init), (60 bytes).
    Removing n32g45x_spi.o(i.SPI_InitStruct), (24 bytes).
    Removing n32g45x_spi.o(i.SPI_SSOutputEnable), (24 bytes).
    Removing n32g45x_spi.o(i.SPI_SetNssLevel), (30 bytes).
    Removing n32g45x_spi.o(i.SPI_TransmitCrcNext), (10 bytes).
    Removing n32g45x_tim.o(.rev16_text), (4 bytes).
    Removing n32g45x_tim.o(.revsh_text), (4 bytes).
    Removing n32g45x_tim.o(.rrx_text), (6 bytes).
    Removing n32g45x_tim.o(i.ConfigTI1), (124 bytes).
    Removing n32g45x_tim.o(i.ConfigTI2), (136 bytes).
    Removing n32g45x_tim.o(i.ConfigTI3), (128 bytes).
    Removing n32g45x_tim.o(i.ConfigTI4), (136 bytes).
    Removing n32g45x_tim.o(i.TIM_ClearFlag), (8 bytes).
    Removing n32g45x_tim.o(i.TIM_ClrIntPendingBit), (8 bytes).
    Removing n32g45x_tim.o(i.TIM_ClrOc1Ref), (18 bytes).
    Removing n32g45x_tim.o(i.TIM_ClrOc2Ref), (24 bytes).
    Removing n32g45x_tim.o(i.TIM_ClrOc3Ref), (18 bytes).
    Removing n32g45x_tim.o(i.TIM_ClrOc4Ref), (24 bytes).
    Removing n32g45x_tim.o(i.TIM_ClrOc5Ref), (22 bytes).
    Removing n32g45x_tim.o(i.TIM_ClrOc6Ref), (28 bytes).
    Removing n32g45x_tim.o(i.TIM_ConfigBkdt), (82 bytes).
    Removing n32g45x_tim.o(i.TIM_ConfigCntMode), (16 bytes).
    Removing n32g45x_tim.o(i.TIM_ConfigDma), (10 bytes).
    Removing n32g45x_tim.o(i.TIM_ConfigEncoderInterface), (64 bytes).
    Removing n32g45x_tim.o(i.TIM_ConfigExtClkMode1), (54 bytes).
    Removing n32g45x_tim.o(i.TIM_ConfigExtClkMode2), (32 bytes).
    Removing n32g45x_tim.o(i.TIM_ConfigExtTrig), (28 bytes).
    Removing n32g45x_tim.o(i.TIM_ConfigExtTrigAsClk), (62 bytes).
    Removing n32g45x_tim.o(i.TIM_ConfigForcedOc1), (18 bytes).
    Removing n32g45x_tim.o(i.TIM_ConfigForcedOc2), (26 bytes).
    Removing n32g45x_tim.o(i.TIM_ConfigForcedOc3), (18 bytes).
    Removing n32g45x_tim.o(i.TIM_ConfigForcedOc4), (26 bytes).
    Removing n32g45x_tim.o(i.TIM_ConfigForcedOc5), (22 bytes).
    Removing n32g45x_tim.o(i.TIM_ConfigForcedOc6), (30 bytes).
    Removing n32g45x_tim.o(i.TIM_ConfigInt), (18 bytes).
    Removing n32g45x_tim.o(i.TIM_ConfigInternalClk), (12 bytes).
    Removing n32g45x_tim.o(i.TIM_ConfigInternalTrigToExt), (24 bytes).
    Removing n32g45x_tim.o(i.TIM_ConfigOc1Fast), (18 bytes).
    Removing n32g45x_tim.o(i.TIM_ConfigOc1NPolarity), (16 bytes).
    Removing n32g45x_tim.o(i.TIM_ConfigOc1Polarity), (16 bytes).
    Removing n32g45x_tim.o(i.TIM_ConfigOc1Preload), (18 bytes).
    Removing n32g45x_tim.o(i.TIM_ConfigOc2Fast), (26 bytes).
    Removing n32g45x_tim.o(i.TIM_ConfigOc2NPolarity), (18 bytes).
    Removing n32g45x_tim.o(i.TIM_ConfigOc2Polarity), (18 bytes).
    Removing n32g45x_tim.o(i.TIM_ConfigOc2Preload), (26 bytes).
    Removing n32g45x_tim.o(i.TIM_ConfigOc3Fast), (18 bytes).
    Removing n32g45x_tim.o(i.TIM_ConfigOc3NPolarity), (18 bytes).
    Removing n32g45x_tim.o(i.TIM_ConfigOc3Polarity), (18 bytes).
    Removing n32g45x_tim.o(i.TIM_ConfigOc4Fast), (26 bytes).
    Removing n32g45x_tim.o(i.TIM_ConfigOc4Polarity), (18 bytes).
    Removing n32g45x_tim.o(i.TIM_ConfigOc4Preload), (26 bytes).
    Removing n32g45x_tim.o(i.TIM_ConfigOc5Fast), (22 bytes).
    Removing n32g45x_tim.o(i.TIM_ConfigOc5Polarity), (18 bytes).
    Removing n32g45x_tim.o(i.TIM_ConfigOc5Preload), (22 bytes).
    Removing n32g45x_tim.o(i.TIM_ConfigOc6Fast), (30 bytes).
    Removing n32g45x_tim.o(i.TIM_ConfigOc6Polarity), (18 bytes).
    Removing n32g45x_tim.o(i.TIM_ConfigOc6Preload), (30 bytes).
    Removing n32g45x_tim.o(i.TIM_ConfigPrescaler), (6 bytes).
    Removing n32g45x_tim.o(i.TIM_ConfigPwmIc), (124 bytes).
    Removing n32g45x_tim.o(i.TIM_ConfigUpdateRequestIntSrc), (22 bytes).
    Removing n32g45x_tim.o(i.TIM_DeInit), (224 bytes).
    Removing n32g45x_tim.o(i.TIM_EnableCapCmpCh), (28 bytes).
    Removing n32g45x_tim.o(i.TIM_EnableCapCmpChN), (28 bytes).
    Removing n32g45x_tim.o(i.TIM_EnableCapCmpPreloadControl), (22 bytes).
    Removing n32g45x_tim.o(i.TIM_EnableCtrlPwmOutputs), (30 bytes).
    Removing n32g45x_tim.o(i.TIM_EnableDma), (18 bytes).
    Removing n32g45x_tim.o(i.TIM_EnableUpdateEvt), (22 bytes).
    Removing n32g45x_tim.o(i.TIM_GenerateEvent), (4 bytes).
    Removing n32g45x_tim.o(i.TIM_GetAutoReload), (6 bytes).
    Removing n32g45x_tim.o(i.TIM_GetCCENStatus), (88 bytes).
    Removing n32g45x_tim.o(i.TIM_GetCap1), (6 bytes).
    Removing n32g45x_tim.o(i.TIM_GetCap2), (6 bytes).
    Removing n32g45x_tim.o(i.TIM_GetCap3), (6 bytes).
    Removing n32g45x_tim.o(i.TIM_GetCap4), (8 bytes).
    Removing n32g45x_tim.o(i.TIM_GetCap5), (8 bytes).
    Removing n32g45x_tim.o(i.TIM_GetCap6), (8 bytes).
    Removing n32g45x_tim.o(i.TIM_GetCnt), (6 bytes).
    Removing n32g45x_tim.o(i.TIM_GetFlagStatus), (18 bytes).
    Removing n32g45x_tim.o(i.TIM_GetIntStatus), (34 bytes).
    Removing n32g45x_tim.o(i.TIM_GetPrescaler), (6 bytes).
    Removing n32g45x_tim.o(i.TIM_ICInit), (172 bytes).
    Removing n32g45x_tim.o(i.TIM_InitBkdtStruct), (18 bytes).
    Removing n32g45x_tim.o(i.TIM_InitIcStruct), (18 bytes).
    Removing n32g45x_tim.o(i.TIM_InitOc1), (116 bytes).
    Removing n32g45x_tim.o(i.TIM_InitOc2), (136 bytes).
    Removing n32g45x_tim.o(i.TIM_InitOc4), (108 bytes).
    Removing n32g45x_tim.o(i.TIM_InitOc5), (96 bytes).
    Removing n32g45x_tim.o(i.TIM_InitOc6), (104 bytes).
    Removing n32g45x_tim.o(i.TIM_InitOcStruct), (20 bytes).
    Removing n32g45x_tim.o(i.TIM_InitTimBaseStruct), (30 bytes).
    Removing n32g45x_tim.o(i.TIM_SelectCapCmpDmaSrc), (22 bytes).
    Removing n32g45x_tim.o(i.TIM_SelectComEvt), (22 bytes).
    Removing n32g45x_tim.o(i.TIM_SelectHallSensor), (22 bytes).
    Removing n32g45x_tim.o(i.TIM_SelectInputTrig), (18 bytes).
    Removing n32g45x_tim.o(i.TIM_SelectMasterSlaveMode), (18 bytes).
    Removing n32g45x_tim.o(i.TIM_SelectOcMode), (86 bytes).
    Removing n32g45x_tim.o(i.TIM_SelectOnePulseMode), (16 bytes).
    Removing n32g45x_tim.o(i.TIM_SelectOutputTrig), (16 bytes).
    Removing n32g45x_tim.o(i.TIM_SelectSlaveMode), (18 bytes).
    Removing n32g45x_tim.o(i.TIM_SetAutoReload), (4 bytes).
    Removing n32g45x_tim.o(i.TIM_SetClkDiv), (16 bytes).
    Removing n32g45x_tim.o(i.TIM_SetCmp1), (4 bytes).
    Removing n32g45x_tim.o(i.TIM_SetCmp2), (4 bytes).
    Removing n32g45x_tim.o(i.TIM_SetCmp3), (4 bytes).
    Removing n32g45x_tim.o(i.TIM_SetCmp4), (6 bytes).
    Removing n32g45x_tim.o(i.TIM_SetCmp5), (6 bytes).
    Removing n32g45x_tim.o(i.TIM_SetCmp6), (6 bytes).
    Removing n32g45x_tim.o(i.TIM_SetCnt), (4 bytes).
    Removing n32g45x_tim.o(i.TIM_SetInCap1Prescaler), (18 bytes).
    Removing n32g45x_tim.o(i.TIM_SetInCap2Prescaler), (26 bytes).
    Removing n32g45x_tim.o(i.TIM_SetInCap3Prescaler), (18 bytes).
    Removing n32g45x_tim.o(i.TIM_SetInCap4Prescaler), (26 bytes).
    Removing n32g45x_tsc.o(.rev16_text), (4 bytes).
    Removing n32g45x_tsc.o(.revsh_text), (4 bytes).
    Removing n32g45x_tsc.o(.rrx_text), (6 bytes).
    Removing n32g45x_tsc.o(i.TSC_ClockConfig), (136 bytes).
    Removing n32g45x_tsc.o(i.TSC_Cmd), (80 bytes).
    Removing n32g45x_tsc.o(i.TSC_ConfigInternalResistor), (148 bytes).
    Removing n32g45x_tsc.o(i.TSC_ConfigThreshold), (112 bytes).
    Removing n32g45x_tsc.o(i.TSC_GetChannelCfg), (64 bytes).
    Removing n32g45x_tsc.o(i.TSC_GetStatus), (84 bytes).
    Removing n32g45x_tsc.o(i.TSC_Init), (108 bytes).
    Removing n32g45x_tsc.o(i.TSC_SW_SwtichChn), (204 bytes).
    Removing n32g45x_tsc.o(i.TSC_SetAnaoCfg), (60 bytes).
    Removing n32g45x_tsc.o(i.TSC_SetChannelCfg), (44 bytes).
    Removing n32g45x_usart.o(.rev16_text), (4 bytes).
    Removing n32g45x_usart.o(.revsh_text), (4 bytes).
    Removing n32g45x_usart.o(.rrx_text), (6 bytes).
    Removing n32g45x_usart.o(i.USART_ClockInit), (34 bytes).
    Removing n32g45x_usart.o(i.USART_ClockStructInit), (12 bytes).
    Removing n32g45x_usart.o(i.USART_ClrFlag), (18 bytes).
    Removing n32g45x_usart.o(i.USART_ClrIntPendingBit), (30 bytes).
    Removing n32g45x_usart.o(i.USART_ConfigInt), (74 bytes).
    Removing n32g45x_usart.o(i.USART_ConfigIrDAMode), (18 bytes).
    Removing n32g45x_usart.o(i.USART_ConfigLINBreakDetectLength), (18 bytes).
    Removing n32g45x_usart.o(i.USART_ConfigWakeUpMode), (18 bytes).
    Removing n32g45x_usart.o(i.USART_DeInit), (216 bytes).
    Removing n32g45x_usart.o(i.USART_Enable), (24 bytes).
    Removing n32g45x_usart.o(i.USART_EnableDMA), (18 bytes).
    Removing n32g45x_usart.o(i.USART_EnableHalfDuplex), (24 bytes).
    Removing n32g45x_usart.o(i.USART_EnableIrDA), (24 bytes).
    Removing n32g45x_usart.o(i.USART_EnableLIN), (24 bytes).
    Removing n32g45x_usart.o(i.USART_EnableRcvWakeUp), (24 bytes).
    Removing n32g45x_usart.o(i.USART_EnableSmartCard), (24 bytes).
    Removing n32g45x_usart.o(i.USART_GetFlagStatus), (26 bytes).
    Removing n32g45x_usart.o(i.USART_GetIntStatus), (84 bytes).
    Removing n32g45x_usart.o(i.USART_Init), (180 bytes).
    Removing n32g45x_usart.o(i.USART_ReceiveData), (10 bytes).
    Removing n32g45x_usart.o(i.USART_SendBreak), (10 bytes).
    Removing n32g45x_usart.o(i.USART_SendData), (8 bytes).
    Removing n32g45x_usart.o(i.USART_SetAddr), (18 bytes).
    Removing n32g45x_usart.o(i.USART_SetGuardTime), (16 bytes).
    Removing n32g45x_usart.o(i.USART_SetPrescaler), (16 bytes).
    Removing n32g45x_usart.o(i.USART_SetSmartCardNACK), (24 bytes).
    Removing n32g45x_usart.o(i.USART_StructInit), (24 bytes).
    Removing n32g45x_wwdg.o(.rev16_text), (4 bytes).
    Removing n32g45x_wwdg.o(.revsh_text), (4 bytes).
    Removing n32g45x_wwdg.o(.rrx_text), (6 bytes).
    Removing n32g45x_wwdg.o(i.WWDG_ClrEWINTF), (12 bytes).
    Removing n32g45x_wwdg.o(i.WWDG_DeInit), (22 bytes).
    Removing n32g45x_wwdg.o(i.WWDG_Enable), (16 bytes).
    Removing n32g45x_wwdg.o(i.WWDG_EnableInt), (12 bytes).
    Removing n32g45x_wwdg.o(i.WWDG_GetEWINTF), (12 bytes).
    Removing n32g45x_wwdg.o(i.WWDG_SetCnt), (16 bytes).
    Removing n32g45x_wwdg.o(i.WWDG_SetPrescalerDiv), (24 bytes).
    Removing n32g45x_wwdg.o(i.WWDG_SetWValue), (40 bytes).
    Removing n32g45x_xfmc.o(.rev16_text), (4 bytes).
    Removing n32g45x_xfmc.o(.revsh_text), (4 bytes).
    Removing n32g45x_xfmc.o(.rrx_text), (6 bytes).
    Removing n32g45x_xfmc.o(i.XFMC_ClrFlag), (8 bytes).
    Removing n32g45x_xfmc.o(i.XFMC_DeInitNand), (18 bytes).
    Removing n32g45x_xfmc.o(i.XFMC_DeInitNorSram), (32 bytes).
    Removing n32g45x_xfmc.o(i.XFMC_EnableNand), (22 bytes).
    Removing n32g45x_xfmc.o(i.XFMC_EnableNandEcc), (22 bytes).
    Removing n32g45x_xfmc.o(i.XFMC_EnableNorSram), (22 bytes).
    Removing n32g45x_xfmc.o(i.XFMC_GetEcc), (98 bytes).
    Removing n32g45x_xfmc.o(i.XFMC_GetFlag), (18 bytes).
    Removing n32g45x_xfmc.o(i.XFMC_InitNand), (106 bytes).
    Removing n32g45x_xfmc.o(i.XFMC_InitNandStruct), (60 bytes).
    Removing n32g45x_xfmc.o(i.XFMC_InitNorSram), (176 bytes).
    Removing n32g45x_xfmc.o(i.XFMC_InitNorSramStruct), (136 bytes).
    Removing n32g45x_xfmc.o(i.XFMC_RestartNandEcc), (18 bytes).
    Removing system_n32g45x.o(.rev16_text), (4 bytes).
    Removing system_n32g45x.o(.revsh_text), (4 bytes).
    Removing system_n32g45x.o(.rrx_text), (6 bytes).
    Removing system_n32g45x.o(i.SystemCoreClockUpdate), (188 bytes).
    Removing system_n32g45x.o(.constdata), (16 bytes).
    Removing main.o(.rev16_text), (4 bytes).
    Removing main.o(.revsh_text), (4 bytes).
    Removing main.o(.rrx_text), (6 bytes).
    Removing n32g45x_it.o(.rev16_text), (4 bytes).
    Removing n32g45x_it.o(.revsh_text), (4 bytes).
    Removing n32g45x_it.o(.rrx_text), (6 bytes).

790 unused section(s) (total 32640 bytes) removed from the image.

==============================================================================

Image Symbol Table

    Local Symbols

    Symbol Name                              Value     Ov Type        Size  Object(Section)

    ../clib/angel/boardlib.s                 0x00000000   Number         0  boardinit2.o ABSOLUTE
    ../clib/angel/boardlib.s                 0x00000000   Number         0  boardinit1.o ABSOLUTE
    ../clib/angel/boardlib.s                 0x00000000   Number         0  boardinit3.o ABSOLUTE
    ../clib/angel/boardlib.s                 0x00000000   Number         0  boardshut.o ABSOLUTE
    ../clib/angel/handlers.s                 0x00000000   Number         0  __scatter_copy.o ABSOLUTE
    ../clib/angel/handlers.s                 0x00000000   Number         0  __scatter_zi.o ABSOLUTE
    ../clib/angel/kernel.s                   0x00000000   Number         0  __rtentry.o ABSOLUTE
    ../clib/angel/kernel.s                   0x00000000   Number         0  rtexit2.o ABSOLUTE
    ../clib/angel/kernel.s                   0x00000000   Number         0  __rtentry2.o ABSOLUTE
    ../clib/angel/kernel.s                   0x00000000   Number         0  __rtentry4.o ABSOLUTE
    ../clib/angel/kernel.s                   0x00000000   Number         0  rtexit.o ABSOLUTE
    ../clib/angel/rt.s                       0x00000000   Number         0  rt_raise.o ABSOLUTE
    ../clib/angel/scatter.s                  0x00000000   Number         0  __scatter.o ABSOLUTE
    ../clib/angel/startup.s                  0x00000000   Number         0  __main.o ABSOLUTE
    ../clib/angel/sys.s                      0x00000000   Number         0  sys_stackheap_outer.o ABSOLUTE
    ../clib/angel/sys.s                      0x00000000   Number         0  libspace.o ABSOLUTE
    ../clib/angel/sys.s                      0x00000000   Number         0  use_no_semi.o ABSOLUTE
    ../clib/angel/sys.s                      0x00000000   Number         0  indicate_semi.o ABSOLUTE
    ../clib/angel/sysapp.c                   0x00000000   Number         0  sys_wrch.o ABSOLUTE
    ../clib/angel/sysapp.c                   0x00000000   Number         0  sys_exit.o ABSOLUTE
    ../clib/angel/sysapp.c                   0x00000000   Number         0  sys_command.o ABSOLUTE
    ../clib/armsys.c                         0x00000000   Number         0  argv_veneer.o ABSOLUTE
    ../clib/armsys.c                         0x00000000   Number         0  argv_veneer.o ABSOLUTE
    ../clib/armsys.c                         0x00000000   Number         0  _get_argv_nomalloc.o ABSOLUTE
    ../clib/armsys.c                         0x00000000   Number         0  no_argv.o ABSOLUTE
    ../clib/heapalloc.c                      0x00000000   Number         0  hrguard.o ABSOLUTE
    ../clib/heapaux.c                        0x00000000   Number         0  heapauxi.o ABSOLUTE
    ../clib/libinit.s                        0x00000000   Number         0  libshutdown2.o ABSOLUTE
    ../clib/libinit.s                        0x00000000   Number         0  libinit.o ABSOLUTE
    ../clib/libinit.s                        0x00000000   Number         0  libinit2.o ABSOLUTE
    ../clib/libinit.s                        0x00000000   Number         0  libshutdown.o ABSOLUTE
    ../clib/signal.c                         0x00000000   Number         0  defsig_cppl_inner.o ABSOLUTE
    ../clib/signal.c                         0x00000000   Number         0  defsig_pvfn_inner.o ABSOLUTE
    ../clib/signal.c                         0x00000000   Number         0  defsig_stak_inner.o ABSOLUTE
    ../clib/signal.c                         0x00000000   Number         0  defsig_rtred_inner.o ABSOLUTE
    ../clib/signal.c                         0x00000000   Number         0  defsig_fpe_inner.o ABSOLUTE
    ../clib/signal.c                         0x00000000   Number         0  __raise.o ABSOLUTE
    ../clib/signal.c                         0x00000000   Number         0  defsig_rtmem_inner.o ABSOLUTE
    ../clib/signal.c                         0x00000000   Number         0  defsig_abrt_inner.o ABSOLUTE
    ../clib/signal.c                         0x00000000   Number         0  defsig_general.o ABSOLUTE
    ../clib/signal.c                         0x00000000   Number         0  defsig_exit.o ABSOLUTE
    ../clib/signal.c                         0x00000000   Number         0  defsig_rtmem_formal.o ABSOLUTE
    ../clib/signal.c                         0x00000000   Number         0  defsig_rtmem_outer.o ABSOLUTE
    ../clib/signal.c                         0x00000000   Number         0  defsig_other.o ABSOLUTE
    ../clib/signal.c                         0x00000000   Number         0  defsig_segv_inner.o ABSOLUTE
    ../clib/signal.s                         0x00000000   Number         0  defsig.o ABSOLUTE
    ../clib/stdlib.c                         0x00000000   Number         0  exit.o ABSOLUTE
    ../fplib/fpinit.s                        0x00000000   Number         0  fpinit.o ABSOLUTE
    CMSIS\\device\\system_n32g45x.c          0x00000000   Number         0  system_n32g45x.o ABSOLUTE
    CMSIS\device\startup\startup_n32g45x.s   0x00000000   Number         0  startup_n32g45x.o ABSOLUTE
    CMSIS\device\system_n32g45x.c            0x00000000   Number         0  system_n32g45x.o ABSOLUTE
    dc.s                                     0x00000000   Number         0  dc.o ABSOLUTE
    n32g45x_std_periph_driver\\src\\misc.c   0x00000000   Number         0  misc.o ABSOLUTE
    n32g45x_std_periph_driver\\src\\n32g45x_adc.c 0x00000000   Number         0  n32g45x_adc.o ABSOLUTE
    n32g45x_std_periph_driver\\src\\n32g45x_bkp.c 0x00000000   Number         0  n32g45x_bkp.o ABSOLUTE
    n32g45x_std_periph_driver\\src\\n32g45x_can.c 0x00000000   Number         0  n32g45x_can.o ABSOLUTE
    n32g45x_std_periph_driver\\src\\n32g45x_comp.c 0x00000000   Number         0  n32g45x_comp.o ABSOLUTE
    n32g45x_std_periph_driver\\src\\n32g45x_crc.c 0x00000000   Number         0  n32g45x_crc.o ABSOLUTE
    n32g45x_std_periph_driver\\src\\n32g45x_dac.c 0x00000000   Number         0  n32g45x_dac.o ABSOLUTE
    n32g45x_std_periph_driver\\src\\n32g45x_dbg.c 0x00000000   Number         0  n32g45x_dbg.o ABSOLUTE
    n32g45x_std_periph_driver\\src\\n32g45x_dma.c 0x00000000   Number         0  n32g45x_dma.o ABSOLUTE
    n32g45x_std_periph_driver\\src\\n32g45x_dvp.c 0x00000000   Number         0  n32g45x_dvp.o ABSOLUTE
    n32g45x_std_periph_driver\\src\\n32g45x_eth.c 0x00000000   Number         0  n32g45x_eth.o ABSOLUTE
    n32g45x_std_periph_driver\\src\\n32g45x_exti.c 0x00000000   Number         0  n32g45x_exti.o ABSOLUTE
    n32g45x_std_periph_driver\\src\\n32g45x_flash.c 0x00000000   Number         0  n32g45x_flash.o ABSOLUTE
    n32g45x_std_periph_driver\\src\\n32g45x_gpio.c 0x00000000   Number         0  n32g45x_gpio.o ABSOLUTE
    n32g45x_std_periph_driver\\src\\n32g45x_i2c.c 0x00000000   Number         0  n32g45x_i2c.o ABSOLUTE
    n32g45x_std_periph_driver\\src\\n32g45x_iwdg.c 0x00000000   Number         0  n32g45x_iwdg.o ABSOLUTE
    n32g45x_std_periph_driver\\src\\n32g45x_opamp.c 0x00000000   Number         0  n32g45x_opamp.o ABSOLUTE
    n32g45x_std_periph_driver\\src\\n32g45x_pwr.c 0x00000000   Number         0  n32g45x_pwr.o ABSOLUTE
    n32g45x_std_periph_driver\\src\\n32g45x_qspi.c 0x00000000   Number         0  n32g45x_qspi.o ABSOLUTE
    n32g45x_std_periph_driver\\src\\n32g45x_rcc.c 0x00000000   Number         0  n32g45x_rcc.o ABSOLUTE
    n32g45x_std_periph_driver\\src\\n32g45x_rtc.c 0x00000000   Number         0  n32g45x_rtc.o ABSOLUTE
    n32g45x_std_periph_driver\\src\\n32g45x_sdio.c 0x00000000   Number         0  n32g45x_sdio.o ABSOLUTE
    n32g45x_std_periph_driver\\src\\n32g45x_spi.c 0x00000000   Number         0  n32g45x_spi.o ABSOLUTE
    n32g45x_std_periph_driver\\src\\n32g45x_tim.c 0x00000000   Number         0  n32g45x_tim.o ABSOLUTE
    n32g45x_std_periph_driver\\src\\n32g45x_tsc.c 0x00000000   Number         0  n32g45x_tsc.o ABSOLUTE
    n32g45x_std_periph_driver\\src\\n32g45x_usart.c 0x00000000   Number         0  n32g45x_usart.o ABSOLUTE
    n32g45x_std_periph_driver\\src\\n32g45x_wwdg.c 0x00000000   Number         0  n32g45x_wwdg.o ABSOLUTE
    n32g45x_std_periph_driver\\src\\n32g45x_xfmc.c 0x00000000   Number         0  n32g45x_xfmc.o ABSOLUTE
    n32g45x_std_periph_driver\src\misc.c     0x00000000   Number         0  misc.o ABSOLUTE
    n32g45x_std_periph_driver\src\n32g45x_adc.c 0x00000000   Number         0  n32g45x_adc.o ABSOLUTE
    n32g45x_std_periph_driver\src\n32g45x_bkp.c 0x00000000   Number         0  n32g45x_bkp.o ABSOLUTE
    n32g45x_std_periph_driver\src\n32g45x_can.c 0x00000000   Number         0  n32g45x_can.o ABSOLUTE
    n32g45x_std_periph_driver\src\n32g45x_comp.c 0x00000000   Number         0  n32g45x_comp.o ABSOLUTE
    n32g45x_std_periph_driver\src\n32g45x_crc.c 0x00000000   Number         0  n32g45x_crc.o ABSOLUTE
    n32g45x_std_periph_driver\src\n32g45x_dac.c 0x00000000   Number         0  n32g45x_dac.o ABSOLUTE
    n32g45x_std_periph_driver\src\n32g45x_dbg.c 0x00000000   Number         0  n32g45x_dbg.o ABSOLUTE
    n32g45x_std_periph_driver\src\n32g45x_dma.c 0x00000000   Number         0  n32g45x_dma.o ABSOLUTE
    n32g45x_std_periph_driver\src\n32g45x_dvp.c 0x00000000   Number         0  n32g45x_dvp.o ABSOLUTE
    n32g45x_std_periph_driver\src\n32g45x_eth.c 0x00000000   Number         0  n32g45x_eth.o ABSOLUTE
    n32g45x_std_periph_driver\src\n32g45x_exti.c 0x00000000   Number         0  n32g45x_exti.o ABSOLUTE
    n32g45x_std_periph_driver\src\n32g45x_flash.c 0x00000000   Number         0  n32g45x_flash.o ABSOLUTE
    n32g45x_std_periph_driver\src\n32g45x_gpio.c 0x00000000   Number         0  n32g45x_gpio.o ABSOLUTE
    n32g45x_std_periph_driver\src\n32g45x_i2c.c 0x00000000   Number         0  n32g45x_i2c.o ABSOLUTE
    n32g45x_std_periph_driver\src\n32g45x_iwdg.c 0x00000000   Number         0  n32g45x_iwdg.o ABSOLUTE
    n32g45x_std_periph_driver\src\n32g45x_opamp.c 0x00000000   Number         0  n32g45x_opamp.o ABSOLUTE
    n32g45x_std_periph_driver\src\n32g45x_pwr.c 0x00000000   Number         0  n32g45x_pwr.o ABSOLUTE
    n32g45x_std_periph_driver\src\n32g45x_qspi.c 0x00000000   Number         0  n32g45x_qspi.o ABSOLUTE
    n32g45x_std_periph_driver\src\n32g45x_rcc.c 0x00000000   Number         0  n32g45x_rcc.o ABSOLUTE
    n32g45x_std_periph_driver\src\n32g45x_rtc.c 0x00000000   Number         0  n32g45x_rtc.o ABSOLUTE
    n32g45x_std_periph_driver\src\n32g45x_sdio.c 0x00000000   Number         0  n32g45x_sdio.o ABSOLUTE
    n32g45x_std_periph_driver\src\n32g45x_spi.c 0x00000000   Number         0  n32g45x_spi.o ABSOLUTE
    n32g45x_std_periph_driver\src\n32g45x_tim.c 0x00000000   Number         0  n32g45x_tim.o ABSOLUTE
    n32g45x_std_periph_driver\src\n32g45x_tsc.c 0x00000000   Number         0  n32g45x_tsc.o ABSOLUTE
    n32g45x_std_periph_driver\src\n32g45x_usart.c 0x00000000   Number         0  n32g45x_usart.o ABSOLUTE
    n32g45x_std_periph_driver\src\n32g45x_wwdg.c 0x00000000   Number         0  n32g45x_wwdg.o ABSOLUTE
    n32g45x_std_periph_driver\src\n32g45x_xfmc.c 0x00000000   Number         0  n32g45x_xfmc.o ABSOLUTE
    src\\main.c                              0x00000000   Number         0  main.o ABSOLUTE
    src\\n32g45x_it.c                        0x00000000   Number         0  n32g45x_it.o ABSOLUTE
    src\main.c                               0x00000000   Number         0  main.o ABSOLUTE
    src\n32g45x_it.c                         0x00000000   Number         0  n32g45x_it.o ABSOLUTE
    RESET                                    0x08000000   Section      408  startup_n32g45x.o(RESET)
    !!!main                                  0x08000198   Section        8  __main.o(!!!main)
    !!!scatter                               0x080001a0   Section       52  __scatter.o(!!!scatter)
    !!handler_copy                           0x080001d4   Section       26  __scatter_copy.o(!!handler_copy)
    !!handler_zi                             0x080001f0   Section       28  __scatter_zi.o(!!handler_zi)
    .ARM.Collect$$libinit$$00000000          0x0800020c   Section        2  libinit.o(.ARM.Collect$$libinit$$00000000)
    .ARM.Collect$$libinit$$00000001          0x0800020e   Section        4  libinit2.o(.ARM.Collect$$libinit$$00000001)
    .ARM.Collect$$libinit$$00000004          0x08000212   Section        0  libinit2.o(.ARM.Collect$$libinit$$00000004)
    .ARM.Collect$$libinit$$0000000A          0x08000212   Section        0  libinit2.o(.ARM.Collect$$libinit$$0000000A)
    .ARM.Collect$$libinit$$0000000C          0x08000212   Section        0  libinit2.o(.ARM.Collect$$libinit$$0000000C)
    .ARM.Collect$$libinit$$0000000E          0x08000212   Section        0  libinit2.o(.ARM.Collect$$libinit$$0000000E)
    .ARM.Collect$$libinit$$00000011          0x08000212   Section        0  libinit2.o(.ARM.Collect$$libinit$$00000011)
    .ARM.Collect$$libinit$$00000013          0x08000212   Section        0  libinit2.o(.ARM.Collect$$libinit$$00000013)
    .ARM.Collect$$libinit$$00000015          0x08000212   Section        0  libinit2.o(.ARM.Collect$$libinit$$00000015)
    .ARM.Collect$$libinit$$00000017          0x08000212   Section        0  libinit2.o(.ARM.Collect$$libinit$$00000017)
    .ARM.Collect$$libinit$$00000019          0x08000212   Section        0  libinit2.o(.ARM.Collect$$libinit$$00000019)
    .ARM.Collect$$libinit$$0000001B          0x08000212   Section        0  libinit2.o(.ARM.Collect$$libinit$$0000001B)
    .ARM.Collect$$libinit$$0000001D          0x08000212   Section        0  libinit2.o(.ARM.Collect$$libinit$$0000001D)
    .ARM.Collect$$libinit$$0000001F          0x08000212   Section        0  libinit2.o(.ARM.Collect$$libinit$$0000001F)
    .ARM.Collect$$libinit$$00000021          0x08000212   Section        0  libinit2.o(.ARM.Collect$$libinit$$00000021)
    .ARM.Collect$$libinit$$00000023          0x08000212   Section        0  libinit2.o(.ARM.Collect$$libinit$$00000023)
    .ARM.Collect$$libinit$$00000025          0x08000212   Section        0  libinit2.o(.ARM.Collect$$libinit$$00000025)
    .ARM.Collect$$libinit$$0000002C          0x08000212   Section        0  libinit2.o(.ARM.Collect$$libinit$$0000002C)
    .ARM.Collect$$libinit$$0000002E          0x08000212   Section        0  libinit2.o(.ARM.Collect$$libinit$$0000002E)
    .ARM.Collect$$libinit$$00000030          0x08000212   Section        0  libinit2.o(.ARM.Collect$$libinit$$00000030)
    .ARM.Collect$$libinit$$00000032          0x08000212   Section        0  libinit2.o(.ARM.Collect$$libinit$$00000032)
    .ARM.Collect$$libinit$$00000033          0x08000212   Section        2  libinit2.o(.ARM.Collect$$libinit$$00000033)
    .ARM.Collect$$libshutdown$$00000000      0x08000214   Section        2  libshutdown.o(.ARM.Collect$$libshutdown$$00000000)
    .ARM.Collect$$libshutdown$$00000002      0x08000216   Section        0  libshutdown2.o(.ARM.Collect$$libshutdown$$00000002)
    .ARM.Collect$$libshutdown$$00000004      0x08000216   Section        0  libshutdown2.o(.ARM.Collect$$libshutdown$$00000004)
    .ARM.Collect$$libshutdown$$00000006      0x08000216   Section        0  libshutdown2.o(.ARM.Collect$$libshutdown$$00000006)
    .ARM.Collect$$libshutdown$$00000009      0x08000216   Section        0  libshutdown2.o(.ARM.Collect$$libshutdown$$00000009)
    .ARM.Collect$$libshutdown$$0000000C      0x08000216   Section        0  libshutdown2.o(.ARM.Collect$$libshutdown$$0000000C)
    .ARM.Collect$$libshutdown$$0000000E      0x08000216   Section        0  libshutdown2.o(.ARM.Collect$$libshutdown$$0000000E)
    .ARM.Collect$$libshutdown$$00000011      0x08000216   Section        0  libshutdown2.o(.ARM.Collect$$libshutdown$$00000011)
    .ARM.Collect$$libshutdown$$00000012      0x08000216   Section        2  libshutdown2.o(.ARM.Collect$$libshutdown$$00000012)
    .ARM.Collect$$rtentry$$00000000          0x08000218   Section        0  __rtentry.o(.ARM.Collect$$rtentry$$00000000)
    .ARM.Collect$$rtentry$$00000002          0x08000218   Section        0  __rtentry2.o(.ARM.Collect$$rtentry$$00000002)
    .ARM.Collect$$rtentry$$00000004          0x08000218   Section        6  __rtentry4.o(.ARM.Collect$$rtentry$$00000004)
    .ARM.Collect$$rtentry$$00000009          0x0800021e   Section        0  __rtentry2.o(.ARM.Collect$$rtentry$$00000009)
    .ARM.Collect$$rtentry$$0000000A          0x0800021e   Section        4  __rtentry2.o(.ARM.Collect$$rtentry$$0000000A)
    .ARM.Collect$$rtentry$$0000000C          0x08000222   Section        0  __rtentry2.o(.ARM.Collect$$rtentry$$0000000C)
    .ARM.Collect$$rtentry$$0000000D          0x08000222   Section        8  __rtentry2.o(.ARM.Collect$$rtentry$$0000000D)
    .ARM.Collect$$rtexit$$00000000           0x0800022a   Section        2  rtexit.o(.ARM.Collect$$rtexit$$00000000)
    .ARM.Collect$$rtexit$$00000002           0x0800022c   Section        0  rtexit2.o(.ARM.Collect$$rtexit$$00000002)
    .ARM.Collect$$rtexit$$00000003           0x0800022c   Section        4  rtexit2.o(.ARM.Collect$$rtexit$$00000003)
    .ARM.Collect$$rtexit$$00000004           0x08000230   Section        6  rtexit2.o(.ARM.Collect$$rtexit$$00000004)
    .text                                    0x08000238   Section       64  startup_n32g45x.o(.text)
    $v0                                      0x08000238   Number         0  startup_n32g45x.o(.text)
    .text                                    0x08000278   Section        0  heapauxi.o(.text)
    .text                                    0x0800027e   Section       74  sys_stackheap_outer.o(.text)
    .text                                    0x080002c8   Section        0  exit.o(.text)
    .text                                    0x080002dc   Section        8  libspace.o(.text)
    .text                                    0x080002e4   Section        0  sys_exit.o(.text)
    .text                                    0x080002f0   Section        2  use_no_semi.o(.text)
    .text                                    0x080002f2   Section        0  indicate_semi.o(.text)
    i.BusFault_Handler                       0x080002f2   Section        0  n32g45x_it.o(i.BusFault_Handler)
    i.DebugMon_Handler                       0x080002f6   Section        0  n32g45x_it.o(i.DebugMon_Handler)
    i.GPIO_Configuration                     0x080002f8   Section        0  main.o(i.GPIO_Configuration)
    i.GPIO_InitPeripheral                    0x0800031c   Section        0  n32g45x_gpio.o(i.GPIO_InitPeripheral)
    i.HardFault_Handler                      0x08000432   Section        0  n32g45x_it.o(i.HardFault_Handler)
    i.MemManage_Handler                      0x08000436   Section        0  n32g45x_it.o(i.MemManage_Handler)
    i.NMI_Handler                            0x0800043a   Section        0  n32g45x_it.o(i.NMI_Handler)
    i.RCC_Configuration                      0x0800043c   Section        0  main.o(i.RCC_Configuration)
    i.RCC_EnableAPB1PeriphClk                0x08000450   Section        0  n32g45x_rcc.o(i.RCC_EnableAPB1PeriphClk)
    i.RCC_EnableAPB2PeriphClk                0x08000470   Section        0  n32g45x_rcc.o(i.RCC_EnableAPB2PeriphClk)
    i.SVC_Handler                            0x08000490   Section        0  n32g45x_it.o(i.SVC_Handler)
    i.SetSysClock                            0x08000494   Section        0  system_n32g45x.o(i.SetSysClock)
    SetSysClock                              0x08000495   Thumb Code   200  system_n32g45x.o(i.SetSysClock)
    i.SysTick_Handler                        0x08000574   Section        0  n32g45x_it.o(i.SysTick_Handler)
    i.SystemInit                             0x08000578   Section        0  system_n32g45x.o(i.SystemInit)
    i.TIM_ConfigArPreload                    0x08000628   Section        0  n32g45x_tim.o(i.TIM_ConfigArPreload)
    i.TIM_ConfigOc3Preload                   0x0800063e   Section        0  n32g45x_tim.o(i.TIM_ConfigOc3Preload)
    i.TIM_Enable                             0x08000650   Section        0  n32g45x_tim.o(i.TIM_Enable)
    i.TIM_InitOc3                            0x08000668   Section        0  n32g45x_tim.o(i.TIM_InitOc3)
    i.TIM_InitTimeBase                       0x080006e8   Section        0  n32g45x_tim.o(i.TIM_InitTimeBase)
    i.UsageFault_Handler                     0x08000840   Section        0  n32g45x_it.o(i.UsageFault_Handler)
    i.main                                   0x08000844   Section        0  main.o(i.main)
    x$fpl$fpinit                             0x080008d4   Section       10  fpinit.o(x$fpl$fpinit)
    $v0                                      0x080008d4   Number         0  fpinit.o(x$fpl$fpinit)
    .data                                    0x20000000   Section        4  system_n32g45x.o(.data)
    .data                                    0x20000004   Section       10  main.o(.data)
    .bss                                     0x20000010   Section       32  main.o(.bss)
    .bss                                     0x20000030   Section       96  libspace.o(.bss)
    HEAP                                     0x20000090   Section      768  startup_n32g45x.o(HEAP)
    Heap_Mem                                 0x20000090   Data         768  startup_n32g45x.o(HEAP)
    STACK                                    0x20000390   Section     5376  startup_n32g45x.o(STACK)
    Stack_Mem                                0x20000390   Data        5376  startup_n32g45x.o(STACK)
    __initial_sp                             0x20001890   Data           0  startup_n32g45x.o(STACK)

    Global Symbols

    Symbol Name                              Value     Ov Type        Size  Object(Section)

    BuildAttributes$$THM_ISAv4$E$P$D$K$B$S$7EM$VFPi3$EXTD16$VFPS$VFMA$PE$A:L22UL41UL21$X:L11$S22US41US21$IEEE1$IW$USESV6$~STKCKD$USESV7$~SHL$OSPACE$ROPI$EBA8$UX$STANDARDLIB$REQ8$PRES8$EABIv2 0x00000000   Number         0  anon$$obj.o ABSOLUTE
    __ARM_use_no_argv                        0x00000000   Number         0  main.o ABSOLUTE
    __ARM_exceptions_init                     - Undefined Weak Reference
    __alloca_initialize                       - Undefined Weak Reference
    __arm_fini_                               - Undefined Weak Reference
    __arm_preinit_                            - Undefined Weak Reference
    __cpp_initialize__aeabi_                  - Undefined Weak Reference
    __cxa_finalize                            - Undefined Weak Reference
    __rt_locale                               - Undefined Weak Reference
    __sigvec_lookup                           - Undefined Weak Reference
    _atexit_init                              - Undefined Weak Reference
    _call_atexit_fns                          - Undefined Weak Reference
    _clock_init                               - Undefined Weak Reference
    _fp_trap_init                             - Undefined Weak Reference
    _fp_trap_shutdown                         - Undefined Weak Reference
    _get_lc_collate                           - Undefined Weak Reference
    _get_lc_ctype                             - Undefined Weak Reference
    _get_lc_monetary                          - Undefined Weak Reference
    _get_lc_numeric                           - Undefined Weak Reference
    _get_lc_time                              - Undefined Weak Reference
    _getenv_init                              - Undefined Weak Reference
    _handle_redirection                       - Undefined Weak Reference
    _init_alloc                               - Undefined Weak Reference
    _init_user_alloc                          - Undefined Weak Reference
    _initio                                   - Undefined Weak Reference
    _rand_init                                - Undefined Weak Reference
    _signal_finish                            - Undefined Weak Reference
    _signal_init                              - Undefined Weak Reference
    _terminate_alloc                          - Undefined Weak Reference
    _terminate_user_alloc                     - Undefined Weak Reference
    _terminateio                              - Undefined Weak Reference
    __Vectors_Size                           0x00000198   Number         0  startup_n32g45x.o ABSOLUTE
    __Vectors                                0x08000000   Data           4  startup_n32g45x.o(RESET)
    __Vectors_End                            0x08000198   Data           0  startup_n32g45x.o(RESET)
    __main                                   0x08000199   Thumb Code     8  __main.o(!!!main)
    __scatterload                            0x080001a1   Thumb Code     0  __scatter.o(!!!scatter)
    __scatterload_rt2                        0x080001a1   Thumb Code    44  __scatter.o(!!!scatter)
    __scatterload_rt2_thumb_only             0x080001a1   Thumb Code     0  __scatter.o(!!!scatter)
    __scatterload_null                       0x080001af   Thumb Code     0  __scatter.o(!!!scatter)
    __scatterload_copy                       0x080001d5   Thumb Code    26  __scatter_copy.o(!!handler_copy)
    __scatterload_zeroinit                   0x080001f1   Thumb Code    28  __scatter_zi.o(!!handler_zi)
    __rt_lib_init                            0x0800020d   Thumb Code     0  libinit.o(.ARM.Collect$$libinit$$00000000)
    __rt_lib_init_fp_1                       0x0800020f   Thumb Code     0  libinit2.o(.ARM.Collect$$libinit$$00000001)
    __rt_lib_init_alloca_1                   0x08000213   Thumb Code     0  libinit2.o(.ARM.Collect$$libinit$$0000002E)
    __rt_lib_init_argv_1                     0x08000213   Thumb Code     0  libinit2.o(.ARM.Collect$$libinit$$0000002C)
    __rt_lib_init_atexit_1                   0x08000213   Thumb Code     0  libinit2.o(.ARM.Collect$$libinit$$0000001B)
    __rt_lib_init_clock_1                    0x08000213   Thumb Code     0  libinit2.o(.ARM.Collect$$libinit$$00000021)
    __rt_lib_init_cpp_1                      0x08000213   Thumb Code     0  libinit2.o(.ARM.Collect$$libinit$$00000032)
    __rt_lib_init_exceptions_1               0x08000213   Thumb Code     0  libinit2.o(.ARM.Collect$$libinit$$00000030)
    __rt_lib_init_fp_trap_1                  0x08000213   Thumb Code     0  libinit2.o(.ARM.Collect$$libinit$$0000001F)
    __rt_lib_init_getenv_1                   0x08000213   Thumb Code     0  libinit2.o(.ARM.Collect$$libinit$$00000023)
    __rt_lib_init_heap_1                     0x08000213   Thumb Code     0  libinit2.o(.ARM.Collect$$libinit$$0000000A)
    __rt_lib_init_lc_collate_1               0x08000213   Thumb Code     0  libinit2.o(.ARM.Collect$$libinit$$00000011)
    __rt_lib_init_lc_ctype_1                 0x08000213   Thumb Code     0  libinit2.o(.ARM.Collect$$libinit$$00000013)
    __rt_lib_init_lc_monetary_1              0x08000213   Thumb Code     0  libinit2.o(.ARM.Collect$$libinit$$00000015)
    __rt_lib_init_lc_numeric_1               0x08000213   Thumb Code     0  libinit2.o(.ARM.Collect$$libinit$$00000017)
    __rt_lib_init_lc_time_1                  0x08000213   Thumb Code     0  libinit2.o(.ARM.Collect$$libinit$$00000019)
    __rt_lib_init_preinit_1                  0x08000213   Thumb Code     0  libinit2.o(.ARM.Collect$$libinit$$00000004)
    __rt_lib_init_rand_1                     0x08000213   Thumb Code     0  libinit2.o(.ARM.Collect$$libinit$$0000000E)
    __rt_lib_init_return                     0x08000213   Thumb Code     0  libinit2.o(.ARM.Collect$$libinit$$00000033)
    __rt_lib_init_signal_1                   0x08000213   Thumb Code     0  libinit2.o(.ARM.Collect$$libinit$$0000001D)
    __rt_lib_init_stdio_1                    0x08000213   Thumb Code     0  libinit2.o(.ARM.Collect$$libinit$$00000025)
    __rt_lib_init_user_alloc_1               0x08000213   Thumb Code     0  libinit2.o(.ARM.Collect$$libinit$$0000000C)
    __rt_lib_shutdown                        0x08000215   Thumb Code     0  libshutdown.o(.ARM.Collect$$libshutdown$$00000000)
    __rt_lib_shutdown_cpp_1                  0x08000217   Thumb Code     0  libshutdown2.o(.ARM.Collect$$libshutdown$$00000004)
    __rt_lib_shutdown_fini_1                 0x08000217   Thumb Code     0  libshutdown2.o(.ARM.Collect$$libshutdown$$00000002)
    __rt_lib_shutdown_fp_trap_1              0x08000217   Thumb Code     0  libshutdown2.o(.ARM.Collect$$libshutdown$$00000009)
    __rt_lib_shutdown_heap_1                 0x08000217   Thumb Code     0  libshutdown2.o(.ARM.Collect$$libshutdown$$00000011)
    __rt_lib_shutdown_return                 0x08000217   Thumb Code     0  libshutdown2.o(.ARM.Collect$$libshutdown$$00000012)
    __rt_lib_shutdown_signal_1               0x08000217   Thumb Code     0  libshutdown2.o(.ARM.Collect$$libshutdown$$0000000C)
    __rt_lib_shutdown_stdio_1                0x08000217   Thumb Code     0  libshutdown2.o(.ARM.Collect$$libshutdown$$00000006)
    __rt_lib_shutdown_user_alloc_1           0x08000217   Thumb Code     0  libshutdown2.o(.ARM.Collect$$libshutdown$$0000000E)
    __rt_entry                               0x08000219   Thumb Code     0  __rtentry.o(.ARM.Collect$$rtentry$$00000000)
    __rt_entry_presh_1                       0x08000219   Thumb Code     0  __rtentry2.o(.ARM.Collect$$rtentry$$00000002)
    __rt_entry_sh                            0x08000219   Thumb Code     0  __rtentry4.o(.ARM.Collect$$rtentry$$00000004)
    __rt_entry_li                            0x0800021f   Thumb Code     0  __rtentry2.o(.ARM.Collect$$rtentry$$0000000A)
    __rt_entry_postsh_1                      0x0800021f   Thumb Code     0  __rtentry2.o(.ARM.Collect$$rtentry$$00000009)
    __rt_entry_main                          0x08000223   Thumb Code     0  __rtentry2.o(.ARM.Collect$$rtentry$$0000000D)
    __rt_entry_postli_1                      0x08000223   Thumb Code     0  __rtentry2.o(.ARM.Collect$$rtentry$$0000000C)
    __rt_exit                                0x0800022b   Thumb Code     0  rtexit.o(.ARM.Collect$$rtexit$$00000000)
    __rt_exit_ls                             0x0800022d   Thumb Code     0  rtexit2.o(.ARM.Collect$$rtexit$$00000003)
    __rt_exit_prels_1                        0x0800022d   Thumb Code     0  rtexit2.o(.ARM.Collect$$rtexit$$00000002)
    __rt_exit_exit                           0x08000231   Thumb Code     0  rtexit2.o(.ARM.Collect$$rtexit$$00000004)
    Reset_Handler                            0x08000239   Thumb Code     8  startup_n32g45x.o(.text)
    PendSV_Handler                           0x0800024f   Thumb Code     2  startup_n32g45x.o(.text)
    ADC1_2_IRQHandler                        0x08000253   Thumb Code     0  startup_n32g45x.o(.text)
    ADC3_4_IRQHandler                        0x08000253   Thumb Code     0  startup_n32g45x.o(.text)
    CAN1_RX1_IRQHandler                      0x08000253   Thumb Code     0  startup_n32g45x.o(.text)
    CAN1_SCE_IRQHandler                      0x08000253   Thumb Code     0  startup_n32g45x.o(.text)
    CAN2_RX0_IRQHandler                      0x08000253   Thumb Code     0  startup_n32g45x.o(.text)
    CAN2_RX1_IRQHandler                      0x08000253   Thumb Code     0  startup_n32g45x.o(.text)
    CAN2_SCE_IRQHandler                      0x08000253   Thumb Code     0  startup_n32g45x.o(.text)
    CAN2_TX_IRQHandler                       0x08000253   Thumb Code     0  startup_n32g45x.o(.text)
    COMP7_IRQHandler                         0x08000253   Thumb Code     0  startup_n32g45x.o(.text)
    COMP_1_2_3_IRQHandler                    0x08000253   Thumb Code     0  startup_n32g45x.o(.text)
    COMP_4_5_6_IRQHandler                    0x08000253   Thumb Code     0  startup_n32g45x.o(.text)
    DMA1_Channel1_IRQHandler                 0x08000253   Thumb Code     0  startup_n32g45x.o(.text)
    DMA1_Channel2_IRQHandler                 0x08000253   Thumb Code     0  startup_n32g45x.o(.text)
    DMA1_Channel3_IRQHandler                 0x08000253   Thumb Code     0  startup_n32g45x.o(.text)
    DMA1_Channel4_IRQHandler                 0x08000253   Thumb Code     0  startup_n32g45x.o(.text)
    DMA1_Channel5_IRQHandler                 0x08000253   Thumb Code     0  startup_n32g45x.o(.text)
    DMA1_Channel6_IRQHandler                 0x08000253   Thumb Code     0  startup_n32g45x.o(.text)
    DMA1_Channel7_IRQHandler                 0x08000253   Thumb Code     0  startup_n32g45x.o(.text)
    DMA1_Channel8_IRQHandler                 0x08000253   Thumb Code     0  startup_n32g45x.o(.text)
    DMA2_Channel1_IRQHandler                 0x08000253   Thumb Code     0  startup_n32g45x.o(.text)
    DMA2_Channel2_IRQHandler                 0x08000253   Thumb Code     0  startup_n32g45x.o(.text)
    DMA2_Channel3_IRQHandler                 0x08000253   Thumb Code     0  startup_n32g45x.o(.text)
    DMA2_Channel4_IRQHandler                 0x08000253   Thumb Code     0  startup_n32g45x.o(.text)
    DMA2_Channel5_IRQHandler                 0x08000253   Thumb Code     0  startup_n32g45x.o(.text)
    DMA2_Channel6_IRQHandler                 0x08000253   Thumb Code     0  startup_n32g45x.o(.text)
    DMA2_Channel7_IRQHandler                 0x08000253   Thumb Code     0  startup_n32g45x.o(.text)
    DMA2_Channel8_IRQHandler                 0x08000253   Thumb Code     0  startup_n32g45x.o(.text)
    DVP_IRQHandler                           0x08000253   Thumb Code     0  startup_n32g45x.o(.text)
    ETH_IRQHandler                           0x08000253   Thumb Code     0  startup_n32g45x.o(.text)
    ETH_WKUP_IRQHandler                      0x08000253   Thumb Code     0  startup_n32g45x.o(.text)
    EXTI0_IRQHandler                         0x08000253   Thumb Code     0  startup_n32g45x.o(.text)
    EXTI15_10_IRQHandler                     0x08000253   Thumb Code     0  startup_n32g45x.o(.text)
    EXTI1_IRQHandler                         0x08000253   Thumb Code     0  startup_n32g45x.o(.text)
    EXTI2_IRQHandler                         0x08000253   Thumb Code     0  startup_n32g45x.o(.text)
    EXTI3_IRQHandler                         0x08000253   Thumb Code     0  startup_n32g45x.o(.text)
    EXTI4_IRQHandler                         0x08000253   Thumb Code     0  startup_n32g45x.o(.text)
    EXTI9_5_IRQHandler                       0x08000253   Thumb Code     0  startup_n32g45x.o(.text)
    FLASH_IRQHandler                         0x08000253   Thumb Code     0  startup_n32g45x.o(.text)
    I2C1_ER_IRQHandler                       0x08000253   Thumb Code     0  startup_n32g45x.o(.text)
    I2C1_EV_IRQHandler                       0x08000253   Thumb Code     0  startup_n32g45x.o(.text)
    I2C2_ER_IRQHandler                       0x08000253   Thumb Code     0  startup_n32g45x.o(.text)
    I2C2_EV_IRQHandler                       0x08000253   Thumb Code     0  startup_n32g45x.o(.text)
    I2C3_ER_IRQHandler                       0x08000253   Thumb Code     0  startup_n32g45x.o(.text)
    I2C3_EV_IRQHandler                       0x08000253   Thumb Code     0  startup_n32g45x.o(.text)
    I2C4_ER_IRQHandler                       0x08000253   Thumb Code     0  startup_n32g45x.o(.text)
    I2C4_EV_IRQHandler                       0x08000253   Thumb Code     0  startup_n32g45x.o(.text)
    MMU_IRQHandler                           0x08000253   Thumb Code     0  startup_n32g45x.o(.text)
    PVD_IRQHandler                           0x08000253   Thumb Code     0  startup_n32g45x.o(.text)
    QSPI_IRQHandler                          0x08000253   Thumb Code     0  startup_n32g45x.o(.text)
    RCC_IRQHandler                           0x08000253   Thumb Code     0  startup_n32g45x.o(.text)
    RSRAM_IRQHandler                         0x08000253   Thumb Code     0  startup_n32g45x.o(.text)
    RTCAlarm_IRQHandler                      0x08000253   Thumb Code     0  startup_n32g45x.o(.text)
    RTC_WKUP_IRQHandler                      0x08000253   Thumb Code     0  startup_n32g45x.o(.text)
    SAC_IRQHandler                           0x08000253   Thumb Code     0  startup_n32g45x.o(.text)
    SDIO_IRQHandler                          0x08000253   Thumb Code     0  startup_n32g45x.o(.text)
    SPI1_IRQHandler                          0x08000253   Thumb Code     0  startup_n32g45x.o(.text)
    SPI2_IRQHandler                          0x08000253   Thumb Code     0  startup_n32g45x.o(.text)
    SPI3_IRQHandler                          0x08000253   Thumb Code     0  startup_n32g45x.o(.text)
    TAMPER_IRQHandler                        0x08000253   Thumb Code     0  startup_n32g45x.o(.text)
    TIM1_BRK_IRQHandler                      0x08000253   Thumb Code     0  startup_n32g45x.o(.text)
    TIM1_CC_IRQHandler                       0x08000253   Thumb Code     0  startup_n32g45x.o(.text)
    TIM1_TRG_COM_IRQHandler                  0x08000253   Thumb Code     0  startup_n32g45x.o(.text)
    TIM1_UP_IRQHandler                       0x08000253   Thumb Code     0  startup_n32g45x.o(.text)
    TIM2_IRQHandler                          0x08000253   Thumb Code     0  startup_n32g45x.o(.text)
    TIM3_IRQHandler                          0x08000253   Thumb Code     0  startup_n32g45x.o(.text)
    TIM4_IRQHandler                          0x08000253   Thumb Code     0  startup_n32g45x.o(.text)
    TIM5_IRQHandler                          0x08000253   Thumb Code     0  startup_n32g45x.o(.text)
    TIM6_IRQHandler                          0x08000253   Thumb Code     0  startup_n32g45x.o(.text)
    TIM7_IRQHandler                          0x08000253   Thumb Code     0  startup_n32g45x.o(.text)
    TIM8_BRK_IRQHandler                      0x08000253   Thumb Code     0  startup_n32g45x.o(.text)
    TIM8_CC_IRQHandler                       0x08000253   Thumb Code     0  startup_n32g45x.o(.text)
    TIM8_TRG_COM_IRQHandler                  0x08000253   Thumb Code     0  startup_n32g45x.o(.text)
    TIM8_UP_IRQHandler                       0x08000253   Thumb Code     0  startup_n32g45x.o(.text)
    TSC_IRQHandler                           0x08000253   Thumb Code     0  startup_n32g45x.o(.text)
    UART4_IRQHandler                         0x08000253   Thumb Code     0  startup_n32g45x.o(.text)
    UART5_IRQHandler                         0x08000253   Thumb Code     0  startup_n32g45x.o(.text)
    UART6_IRQHandler                         0x08000253   Thumb Code     0  startup_n32g45x.o(.text)
    UART7_IRQHandler                         0x08000253   Thumb Code     0  startup_n32g45x.o(.text)
    USART1_IRQHandler                        0x08000253   Thumb Code     0  startup_n32g45x.o(.text)
    USART2_IRQHandler                        0x08000253   Thumb Code     0  startup_n32g45x.o(.text)
    USART3_IRQHandler                        0x08000253   Thumb Code     0  startup_n32g45x.o(.text)
    USBWakeUp_IRQHandler                     0x08000253   Thumb Code     0  startup_n32g45x.o(.text)
    USB_HP_CAN1_TX_IRQHandler                0x08000253   Thumb Code     0  startup_n32g45x.o(.text)
    USB_LP_CAN1_RX0_IRQHandler               0x08000253   Thumb Code     0  startup_n32g45x.o(.text)
    WWDG_IRQHandler                          0x08000253   Thumb Code     0  startup_n32g45x.o(.text)
    XFMC_IRQHandler                          0x08000253   Thumb Code     0  startup_n32g45x.o(.text)
    __user_initial_stackheap                 0x08000255   Thumb Code     0  startup_n32g45x.o(.text)
    __use_two_region_memory                  0x08000279   Thumb Code     2  heapauxi.o(.text)
    __rt_heap_escrow$2region                 0x0800027b   Thumb Code     2  heapauxi.o(.text)
    __rt_heap_expand$2region                 0x0800027d   Thumb Code     2  heapauxi.o(.text)
    __user_setup_stackheap                   0x0800027f   Thumb Code    74  sys_stackheap_outer.o(.text)
    exit                                     0x080002c9   Thumb Code    18  exit.o(.text)
    __user_libspace                          0x080002dd   Thumb Code     8  libspace.o(.text)
    __user_perproc_libspace                  0x080002dd   Thumb Code     0  libspace.o(.text)
    __user_perthread_libspace                0x080002dd   Thumb Code     0  libspace.o(.text)
    _sys_exit                                0x080002e5   Thumb Code     8  sys_exit.o(.text)
    __I$use$semihosting                      0x080002f1   Thumb Code     0  use_no_semi.o(.text)
    __use_no_semihosting_swi                 0x080002f1   Thumb Code     2  use_no_semi.o(.text)
    BusFault_Handler                         0x080002f3   Thumb Code     4  n32g45x_it.o(i.BusFault_Handler)
    __semihosting_library_function           0x080002f3   Thumb Code     0  indicate_semi.o(.text)
    DebugMon_Handler                         0x080002f7   Thumb Code     2  n32g45x_it.o(i.DebugMon_Handler)
    GPIO_Configuration                       0x080002f9   Thumb Code    32  main.o(i.GPIO_Configuration)
    GPIO_InitPeripheral                      0x0800031d   Thumb Code   278  n32g45x_gpio.o(i.GPIO_InitPeripheral)
    HardFault_Handler                        0x08000433   Thumb Code     4  n32g45x_it.o(i.HardFault_Handler)
    MemManage_Handler                        0x08000437   Thumb Code     4  n32g45x_it.o(i.MemManage_Handler)
    NMI_Handler                              0x0800043b   Thumb Code     2  n32g45x_it.o(i.NMI_Handler)
    RCC_Configuration                        0x0800043d   Thumb Code    20  main.o(i.RCC_Configuration)
    RCC_EnableAPB1PeriphClk                  0x08000451   Thumb Code    26  n32g45x_rcc.o(i.RCC_EnableAPB1PeriphClk)
    RCC_EnableAPB2PeriphClk                  0x08000471   Thumb Code    26  n32g45x_rcc.o(i.RCC_EnableAPB2PeriphClk)
    SVC_Handler                              0x08000491   Thumb Code     2  n32g45x_it.o(i.SVC_Handler)
    SysTick_Handler                          0x08000575   Thumb Code     2  n32g45x_it.o(i.SysTick_Handler)
    SystemInit                               0x08000579   Thumb Code   146  system_n32g45x.o(i.SystemInit)
    TIM_ConfigArPreload                      0x08000629   Thumb Code    22  n32g45x_tim.o(i.TIM_ConfigArPreload)
    TIM_ConfigOc3Preload                     0x0800063f   Thumb Code    18  n32g45x_tim.o(i.TIM_ConfigOc3Preload)
    TIM_Enable                               0x08000651   Thumb Code    22  n32g45x_tim.o(i.TIM_Enable)
    TIM_InitOc3                              0x08000669   Thumb Code   118  n32g45x_tim.o(i.TIM_InitOc3)
    TIM_InitTimeBase                         0x080006e9   Thumb Code   314  n32g45x_tim.o(i.TIM_InitTimeBase)
    UsageFault_Handler                       0x08000841   Thumb Code     4  n32g45x_it.o(i.UsageFault_Handler)
    main                                     0x08000845   Thumb Code   112  main.o(i.main)
    _fp_init                                 0x080008d5   Thumb Code    10  fpinit.o(x$fpl$fpinit)
    __fplib_config_fpu_vfp                   0x080008dd   Thumb Code     0  fpinit.o(x$fpl$fpinit)
    __fplib_config_pureend_doubles           0x080008dd   Thumb Code     0  fpinit.o(x$fpl$fpinit)
    Region$$Table$$Base                      0x080008e0   Number         0  anon$$obj.o(Region$$Table)
    Region$$Table$$Limit                     0x08000900   Number         0  anon$$obj.o(Region$$Table)
    SystemCoreClock                          0x20000000   Data           4  system_n32g45x.o(.data)
    CCR1_Val                                 0x20000004   Data           2  main.o(.data)
    CCR2_Val                                 0x20000006   Data           2  main.o(.data)
    CCR3_Val                                 0x20000008   Data           2  main.o(.data)
    CCR4_Val                                 0x2000000a   Data           2  main.o(.data)
    PrescalerValue                           0x2000000c   Data           2  main.o(.data)
    TIM_TimeBaseStructure                    0x20000010   Data          16  main.o(.bss)
    TIM_OCInitStructure                      0x20000020   Data          16  main.o(.bss)
    __libspace_start                         0x20000030   Data          96  libspace.o(.bss)
    __temporary_stack_top$libspace           0x20000090   Data           0  libspace.o(.bss)



==============================================================================

Memory Map of the image

  Image Entry point : 0x08000199

  Load Region LR_IROM1 (Base: 0x08000000, Size: 0x00000910, Max: 0x00040000, ABSOLUTE)

    Execution Region ER_IROM1 (Exec base: 0x08000000, Load base: 0x08000000, Size: 0x00000900, Max: 0x00040000, ABSOLUTE)

    Exec Addr    Load Addr    Size         Type   Attr      Idx    E Section Name        Object

    0x08000000   0x08000000   0x00000198   Data   RO         4828    RESET               startup_n32g45x.o
    0x08000198   0x08000198   0x00000008   Code   RO         5019  * !!!main             c_w.l(__main.o)
    0x080001a0   0x080001a0   0x00000034   Code   RO         5178    !!!scatter          c_w.l(__scatter.o)
    0x080001d4   0x080001d4   0x0000001a   Code   RO         5180    !!handler_copy      c_w.l(__scatter_copy.o)
    0x080001ee   0x080001ee   0x00000002   PAD
    0x080001f0   0x080001f0   0x0000001c   Code   RO         5182    !!handler_zi        c_w.l(__scatter_zi.o)
    0x0800020c   0x0800020c   0x00000002   Code   RO         5046    .ARM.Collect$$libinit$$00000000  c_w.l(libinit.o)
    0x0800020e   0x0800020e   0x00000004   Code   RO         5052    .ARM.Collect$$libinit$$00000001  c_w.l(libinit2.o)
    0x08000212   0x08000212   0x00000000   Code   RO         5055    .ARM.Collect$$libinit$$00000004  c_w.l(libinit2.o)
    0x08000212   0x08000212   0x00000000   Code   RO         5058    .ARM.Collect$$libinit$$0000000A  c_w.l(libinit2.o)
    0x08000212   0x08000212   0x00000000   Code   RO         5060    .ARM.Collect$$libinit$$0000000C  c_w.l(libinit2.o)
    0x08000212   0x08000212   0x00000000   Code   RO         5062    .ARM.Collect$$libinit$$0000000E  c_w.l(libinit2.o)
    0x08000212   0x08000212   0x00000000   Code   RO         5065    .ARM.Collect$$libinit$$00000011  c_w.l(libinit2.o)
    0x08000212   0x08000212   0x00000000   Code   RO         5067    .ARM.Collect$$libinit$$00000013  c_w.l(libinit2.o)
    0x08000212   0x08000212   0x00000000   Code   RO         5069    .ARM.Collect$$libinit$$00000015  c_w.l(libinit2.o)
    0x08000212   0x08000212   0x00000000   Code   RO         5071    .ARM.Collect$$libinit$$00000017  c_w.l(libinit2.o)
    0x08000212   0x08000212   0x00000000   Code   RO         5073    .ARM.Collect$$libinit$$00000019  c_w.l(libinit2.o)
    0x08000212   0x08000212   0x00000000   Code   RO         5075    .ARM.Collect$$libinit$$0000001B  c_w.l(libinit2.o)
    0x08000212   0x08000212   0x00000000   Code   RO         5077    .ARM.Collect$$libinit$$0000001D  c_w.l(libinit2.o)
    0x08000212   0x08000212   0x00000000   Code   RO         5079    .ARM.Collect$$libinit$$0000001F  c_w.l(libinit2.o)
    0x08000212   0x08000212   0x00000000   Code   RO         5081    .ARM.Collect$$libinit$$00000021  c_w.l(libinit2.o)
    0x08000212   0x08000212   0x00000000   Code   RO         5083    .ARM.Collect$$libinit$$00000023  c_w.l(libinit2.o)
    0x08000212   0x08000212   0x00000000   Code   RO         5085    .ARM.Collect$$libinit$$00000025  c_w.l(libinit2.o)
    0x08000212   0x08000212   0x00000000   Code   RO         5089    .ARM.Collect$$libinit$$0000002C  c_w.l(libinit2.o)
    0x08000212   0x08000212   0x00000000   Code   RO         5091    .ARM.Collect$$libinit$$0000002E  c_w.l(libinit2.o)
    0x08000212   0x08000212   0x00000000   Code   RO         5093    .ARM.Collect$$libinit$$00000030  c_w.l(libinit2.o)
    0x08000212   0x08000212   0x00000000   Code   RO         5095    .ARM.Collect$$libinit$$00000032  c_w.l(libinit2.o)
    0x08000212   0x08000212   0x00000002   Code   RO         5096    .ARM.Collect$$libinit$$00000033  c_w.l(libinit2.o)
    0x08000214   0x08000214   0x00000002   Code   RO         5116    .ARM.Collect$$libshutdown$$00000000  c_w.l(libshutdown.o)
    0x08000216   0x08000216   0x00000000   Code   RO         5129    .ARM.Collect$$libshutdown$$00000002  c_w.l(libshutdown2.o)
    0x08000216   0x08000216   0x00000000   Code   RO         5131    .ARM.Collect$$libshutdown$$00000004  c_w.l(libshutdown2.o)
    0x08000216   0x08000216   0x00000000   Code   RO         5133    .ARM.Collect$$libshutdown$$00000006  c_w.l(libshutdown2.o)
    0x08000216   0x08000216   0x00000000   Code   RO         5136    .ARM.Collect$$libshutdown$$00000009  c_w.l(libshutdown2.o)
    0x08000216   0x08000216   0x00000000   Code   RO         5139    .ARM.Collect$$libshutdown$$0000000C  c_w.l(libshutdown2.o)
    0x08000216   0x08000216   0x00000000   Code   RO         5141    .ARM.Collect$$libshutdown$$0000000E  c_w.l(libshutdown2.o)
    0x08000216   0x08000216   0x00000000   Code   RO         5144    .ARM.Collect$$libshutdown$$00000011  c_w.l(libshutdown2.o)
    0x08000216   0x08000216   0x00000002   Code   RO         5145    .ARM.Collect$$libshutdown$$00000012  c_w.l(libshutdown2.o)
    0x08000218   0x08000218   0x00000000   Code   RO         5021    .ARM.Collect$$rtentry$$00000000  c_w.l(__rtentry.o)
    0x08000218   0x08000218   0x00000000   Code   RO         5023    .ARM.Collect$$rtentry$$00000002  c_w.l(__rtentry2.o)
    0x08000218   0x08000218   0x00000006   Code   RO         5035    .ARM.Collect$$rtentry$$00000004  c_w.l(__rtentry4.o)
    0x0800021e   0x0800021e   0x00000000   Code   RO         5025    .ARM.Collect$$rtentry$$00000009  c_w.l(__rtentry2.o)
    0x0800021e   0x0800021e   0x00000004   Code   RO         5026    .ARM.Collect$$rtentry$$0000000A  c_w.l(__rtentry2.o)
    0x08000222   0x08000222   0x00000000   Code   RO         5028    .ARM.Collect$$rtentry$$0000000C  c_w.l(__rtentry2.o)
    0x08000222   0x08000222   0x00000008   Code   RO         5029    .ARM.Collect$$rtentry$$0000000D  c_w.l(__rtentry2.o)
    0x0800022a   0x0800022a   0x00000002   Code   RO         5050    .ARM.Collect$$rtexit$$00000000  c_w.l(rtexit.o)
    0x0800022c   0x0800022c   0x00000000   Code   RO         5098    .ARM.Collect$$rtexit$$00000002  c_w.l(rtexit2.o)
    0x0800022c   0x0800022c   0x00000004   Code   RO         5099    .ARM.Collect$$rtexit$$00000003  c_w.l(rtexit2.o)
    0x08000230   0x08000230   0x00000006   Code   RO         5100    .ARM.Collect$$rtexit$$00000004  c_w.l(rtexit2.o)
    0x08000236   0x08000236   0x00000002   PAD
    0x08000238   0x08000238   0x00000040   Code   RO         4829    .text               startup_n32g45x.o
    0x08000278   0x08000278   0x00000006   Code   RO         5017    .text               c_w.l(heapauxi.o)
    0x0800027e   0x0800027e   0x0000004a   Code   RO         5037    .text               c_w.l(sys_stackheap_outer.o)
    0x080002c8   0x080002c8   0x00000012   Code   RO         5039    .text               c_w.l(exit.o)
    0x080002da   0x080002da   0x00000002   PAD
    0x080002dc   0x080002dc   0x00000008   Code   RO         5047    .text               c_w.l(libspace.o)
    0x080002e4   0x080002e4   0x0000000c   Code   RO         5108    .text               c_w.l(sys_exit.o)
    0x080002f0   0x080002f0   0x00000002   Code   RO         5119    .text               c_w.l(use_no_semi.o)
    0x080002f2   0x080002f2   0x00000000   Code   RO         5121    .text               c_w.l(indicate_semi.o)
    0x080002f2   0x080002f2   0x00000004   Code   RO         4949    i.BusFault_Handler  n32g45x_it.o
    0x080002f6   0x080002f6   0x00000002   Code   RO         4950    i.DebugMon_Handler  n32g45x_it.o
    0x080002f8   0x080002f8   0x00000024   Code   RO         4906    i.GPIO_Configuration  main.o
    0x0800031c   0x0800031c   0x00000116   Code   RO         2095    i.GPIO_InitPeripheral  n32g45x_gpio.o
    0x08000432   0x08000432   0x00000004   Code   RO         4951    i.HardFault_Handler  n32g45x_it.o
    0x08000436   0x08000436   0x00000004   Code   RO         4952    i.MemManage_Handler  n32g45x_it.o
    0x0800043a   0x0800043a   0x00000002   Code   RO         4953    i.NMI_Handler       n32g45x_it.o
    0x0800043c   0x0800043c   0x00000014   Code   RO         4907    i.RCC_Configuration  main.o
    0x08000450   0x08000450   0x00000020   Code   RO         2854    i.RCC_EnableAPB1PeriphClk  n32g45x_rcc.o
    0x08000470   0x08000470   0x00000020   Code   RO         2856    i.RCC_EnableAPB2PeriphClk  n32g45x_rcc.o
    0x08000490   0x08000490   0x00000002   Code   RO         4954    i.SVC_Handler       n32g45x_it.o
    0x08000492   0x08000492   0x00000002   PAD
    0x08000494   0x08000494   0x000000e0   Code   RO         4836    i.SetSysClock       system_n32g45x.o
    0x08000574   0x08000574   0x00000002   Code   RO         4955    i.SysTick_Handler   n32g45x_it.o
    0x08000576   0x08000576   0x00000002   PAD
    0x08000578   0x08000578   0x000000b0   Code   RO         4838    i.SystemInit        system_n32g45x.o
    0x08000628   0x08000628   0x00000016   Code   RO         3753    i.TIM_ConfigArPreload  n32g45x_tim.o
    0x0800063e   0x0800063e   0x00000012   Code   RO         3782    i.TIM_ConfigOc3Preload  n32g45x_tim.o
    0x08000650   0x08000650   0x00000016   Code   RO         3796    i.TIM_Enable        n32g45x_tim.o
    0x08000666   0x08000666   0x00000002   PAD
    0x08000668   0x08000668   0x00000080   Code   RO         3821    i.TIM_InitOc3       n32g45x_tim.o
    0x080006e8   0x080006e8   0x00000158   Code   RO         3827    i.TIM_InitTimeBase  n32g45x_tim.o
    0x08000840   0x08000840   0x00000004   Code   RO         4956    i.UsageFault_Handler  n32g45x_it.o
    0x08000844   0x08000844   0x00000090   Code   RO         4908    i.main              main.o
    0x080008d4   0x080008d4   0x0000000a   Code   RO         5106    x$fpl$fpinit        fz_wm.l(fpinit.o)
    0x080008de   0x080008de   0x00000002   PAD
    0x080008e0   0x080008e0   0x00000020   Data   RO         5176    Region$$Table       anon$$obj.o


    Execution Region RW_IRAM1 (Exec base: 0x20000000, Load base: 0x08000900, Size: 0x00001890, Max: 0x00024000, ABSOLUTE)

    Exec Addr    Load Addr    Size         Type   Attr      Idx    E Section Name        Object

    0x20000000   0x08000900   0x00000004   Data   RW         4840    .data               system_n32g45x.o
    0x20000004   0x08000904   0x0000000a   Data   RW         4910    .data               main.o
    0x2000000e   0x0800090e   0x00000002   PAD
    0x20000010        -       0x00000020   Zero   RW         4909    .bss                main.o
    0x20000030        -       0x00000060   Zero   RW         5048    .bss                c_w.l(libspace.o)
    0x20000090        -       0x00000300   Zero   RW         4827    HEAP                startup_n32g45x.o
    0x20000390        -       0x00001500   Zero   RW         4826    STACK               startup_n32g45x.o


==============================================================================

Image component sizes


      Code (inc. data)   RO Data    RW Data    ZI Data      Debug   Object Name

       200         36          0         10         32       1983   main.o
         0          0          0          0          0     328228   misc.o
       278          0          0          0          0       2414   n32g45x_gpio.o
        24          0          0          0          0       3613   n32g45x_it.o
        64         12          0          0          0       1228   n32g45x_rcc.o
       534         40          0          0          0       4187   n32g45x_tim.o
        64         26        408          0       6144        856   startup_n32g45x.o
       400         54          0          4          0       2205   system_n32g45x.o

    ----------------------------------------------------------------------
      1570        168        440         16       6176     344714   Object Totals
         0          0         32          0          0          0   (incl. Generated)
         6          0          0          2          0          0   (incl. Padding)

    ----------------------------------------------------------------------

      Code (inc. data)   RO Data    RW Data    ZI Data      Debug   Library Member Name

         8          0          0          0          0         68   __main.o
         0          0          0          0          0          0   __rtentry.o
        12          0          0          0          0          0   __rtentry2.o
         6          0          0          0          0          0   __rtentry4.o
        52          8          0          0          0          0   __scatter.o
        26          0          0          0          0          0   __scatter_copy.o
        28          0          0          0          0          0   __scatter_zi.o
        18          0          0          0          0         80   exit.o
         6          0          0          0          0        152   heapauxi.o
         0          0          0          0          0          0   indicate_semi.o
         2          0          0          0          0          0   libinit.o
         6          0          0          0          0          0   libinit2.o
         2          0          0          0          0          0   libshutdown.o
         2          0          0          0          0          0   libshutdown2.o
         8          4          0          0         96         68   libspace.o
         2          0          0          0          0          0   rtexit.o
        10          0          0          0          0          0   rtexit2.o
        12          4          0          0          0         68   sys_exit.o
        74          0          0          0          0         80   sys_stackheap_outer.o
         2          0          0          0          0         68   use_no_semi.o
        10          0          0          0          0        116   fpinit.o

    ----------------------------------------------------------------------
       294         16          0          0         96        700   Library Totals
         8          0          0          0          0          0   (incl. Padding)

    ----------------------------------------------------------------------

      Code (inc. data)   RO Data    RW Data    ZI Data      Debug   Library Name

       276         16          0          0         96        584   c_w.l
        10          0          0          0          0        116   fz_wm.l

    ----------------------------------------------------------------------
       294         16          0          0         96        700   Library Totals

    ----------------------------------------------------------------------

==============================================================================


      Code (inc. data)   RO Data    RW Data    ZI Data      Debug   

      1864        184        440         16       6272     343558   Grand Totals
      1864        184        440         16       6272     343558   ELF Image Totals
      1864        184        440         16          0          0   ROM Totals

==============================================================================

    Total RO  Size (Code + RO Data)                 2304 (   2.25kB)
    Total RW  Size (RW Data + ZI Data)              6288 (   6.14kB)
    Total ROM Size (Code + RO Data + RW Data)       2320 (   2.27kB)

==============================================================================

